// Jest Snapshot v1, https://goo.gl/fbAQLP

exports[`1 default state 1`] = `null`;

exports[`2 login 1`] = `
Object {
  "alias": null,
  "draft": null,
  "loaded": false,
  "profile": null,
  "published": null,
  "publishing": false,
  "saving": false,
  "username": "foo",
}
`;

exports[`3 profile data loaded 1`] = `
Object {
  "alias": null,
  "draft": null,
  "loaded": false,
  "profile": Object {
    "foo": "bar",
  },
  "published": null,
  "publishing": false,
  "saving": false,
  "username": "foo",
}
`;

exports[`4 draft and public data loaded 1`] = `
Object {
  "alias": null,
  "draft": Object {
    "accounts": Object {
      "facebook": "",
      "github": "",
      "instagram": "",
      "linkedIn": "",
      "twitter": "",
      "youtube": "",
    },
    "bg": Object {
      "blur": "2",
      "color": "#4a96f7",
      "image": "wave.jpg",
    },
    "bio": "",
    "description": "",
    "email": "",
    "name": "",
    "photo": "",
    "updated": "010101",
    "video": "",
    "wallets": Object {
      "bitcoin": "",
      "ethereum": "",
    },
  },
  "loaded": true,
  "profile": Object {
    "foo": "bar",
  },
  "published": null,
  "publishing": false,
  "saving": false,
  "username": "foo",
}
`;

exports[`5 style dialog opened 1`] = `
Object {
  "alias": null,
  "draft": Object {
    "accounts": Object {
      "facebook": "",
      "github": "",
      "instagram": "",
      "linkedIn": "",
      "twitter": "",
      "youtube": "",
    },
    "bg": Object {
      "blur": "2",
      "color": "#4a96f7",
      "image": "wave.jpg",
    },
    "bgTemp": Object {
      "blur": "2",
      "color": "#4a96f7",
      "image": "wave.jpg",
    },
    "bio": "",
    "description": "",
    "email": "",
    "name": "",
    "photo": "",
    "updated": "010101",
    "video": "",
    "wallets": Object {
      "bitcoin": "",
      "ethereum": "",
    },
  },
  "loaded": true,
  "profile": Object {
    "foo": "bar",
  },
  "published": null,
  "publishing": false,
  "saving": false,
  "username": "foo",
}
`;

exports[`6 bg image set 1`] = `
Object {
  "alias": null,
  "draft": Object {
    "accounts": Object {
      "facebook": "",
      "github": "",
      "instagram": "",
      "linkedIn": "",
      "twitter": "",
      "youtube": "",
    },
    "bg": Object {
      "blur": "2",
      "color": "#4a96f7",
      "image": "foo.jpg",
    },
    "bgTemp": Object {
      "blur": "2",
      "color": "#4a96f7",
      "image": "wave.jpg",
    },
    "bio": "",
    "description": "",
    "email": "",
    "name": "",
    "photo": "",
    "updated": "010101",
    "video": "",
    "wallets": Object {
      "bitcoin": "",
      "ethereum": "",
    },
  },
  "loaded": true,
  "profile": Object {
    "foo": "bar",
  },
  "published": null,
  "publishing": false,
  "saving": false,
  "username": "foo",
}
`;

exports[`7 bg color set 1`] = `
Object {
  "alias": null,
  "draft": Object {
    "accounts": Object {
      "facebook": "",
      "github": "",
      "instagram": "",
      "linkedIn": "",
      "twitter": "",
      "youtube": "",
    },
    "bg": Object {
      "blur": "2",
      "color": "red",
      "image": "foo.jpg",
    },
    "bgTemp": Object {
      "blur": "2",
      "color": "#4a96f7",
      "image": "wave.jpg",
    },
    "bio": "",
    "description": "",
    "email": "",
    "name": "",
    "photo": "",
    "updated": "010101",
    "video": "",
    "wallets": Object {
      "bitcoin": "",
      "ethereum": "",
    },
  },
  "loaded": true,
  "profile": Object {
    "foo": "bar",
  },
  "published": null,
  "publishing": false,
  "saving": false,
  "username": "foo",
}
`;

exports[`8 bg blur set 1`] = `
Object {
  "alias": null,
  "draft": Object {
    "accounts": Object {
      "facebook": "",
      "github": "",
      "instagram": "",
      "linkedIn": "",
      "twitter": "",
      "youtube": "",
    },
    "bg": Object {
      "blur": 3,
      "color": "red",
      "image": "foo.jpg",
    },
    "bgTemp": Object {
      "blur": "2",
      "color": "#4a96f7",
      "image": "wave.jpg",
    },
    "bio": "",
    "description": "",
    "email": "",
    "name": "",
    "photo": "",
    "updated": "010101",
    "video": "",
    "wallets": Object {
      "bitcoin": "",
      "ethereum": "",
    },
  },
  "loaded": true,
  "profile": Object {
    "foo": "bar",
  },
  "published": null,
  "publishing": false,
  "saving": false,
  "username": "foo",
}
`;

exports[`9 style dialog closed 1`] = `
Object {
  "alias": null,
  "draft": Object {
    "accounts": Object {
      "facebook": "",
      "github": "",
      "instagram": "",
      "linkedIn": "",
      "twitter": "",
      "youtube": "",
    },
    "bg": Object {
      "blur": "2",
      "color": "#4a96f7",
      "image": "wave.jpg",
    },
    "bio": "",
    "description": "",
    "email": "",
    "name": "",
    "photo": "",
    "updated": "010101",
    "video": "",
    "wallets": Object {
      "bitcoin": "",
      "ethereum": "",
    },
  },
  "loaded": true,
  "profile": Object {
    "foo": "bar",
  },
  "published": null,
  "publishing": false,
  "saving": false,
  "username": "foo",
}
`;

exports[`10 bio dialog opened 1`] = `
Object {
  "alias": null,
  "draft": Object {
    "accounts": Object {
      "facebook": "",
      "github": "",
      "instagram": "",
      "linkedIn": "",
      "twitter": "",
      "youtube": "",
    },
    "bg": Object {
      "blur": "2",
      "color": "#4a96f7",
      "image": "wave.jpg",
    },
    "bio": "",
    "bioTemp": "",
    "description": "",
    "email": "",
    "name": "",
    "photo": "",
    "updated": "010101",
    "video": "",
    "wallets": Object {
      "bitcoin": "",
      "ethereum": "",
    },
  },
  "loaded": true,
  "profile": Object {
    "foo": "bar",
  },
  "published": null,
  "publishing": false,
  "saving": false,
  "username": "foo",
}
`;

exports[`11 bio set 1`] = `
Object {
  "alias": null,
  "draft": Object {
    "accounts": Object {
      "facebook": "",
      "github": "",
      "instagram": "",
      "linkedIn": "",
      "twitter": "",
      "youtube": "",
    },
    "bg": Object {
      "blur": "2",
      "color": "#4a96f7",
      "image": "wave.jpg",
    },
    "bio": "lorem ipsum dolor sit amet",
    "bioTemp": "",
    "description": "",
    "email": "",
    "name": "",
    "photo": "",
    "updated": "010101",
    "video": "",
    "wallets": Object {
      "bitcoin": "",
      "ethereum": "",
    },
  },
  "loaded": true,
  "profile": Object {
    "foo": "bar",
  },
  "published": null,
  "publishing": false,
  "saving": false,
  "username": "foo",
}
`;

exports[`12 bio dialog closed 1`] = `
Object {
  "alias": null,
  "draft": Object {
    "accounts": Object {
      "facebook": "",
      "github": "",
      "instagram": "",
      "linkedIn": "",
      "twitter": "",
      "youtube": "",
    },
    "bg": Object {
      "blur": "2",
      "color": "#4a96f7",
      "image": "wave.jpg",
    },
    "bio": "",
    "description": "",
    "email": "",
    "name": "",
    "photo": "",
    "updated": "010101",
    "video": "",
    "wallets": Object {
      "bitcoin": "",
      "ethereum": "",
    },
  },
  "loaded": true,
  "profile": Object {
    "foo": "bar",
  },
  "published": null,
  "publishing": false,
  "saving": false,
  "username": "foo",
}
`;

exports[`13 style dialog opened 1`] = `
Object {
  "alias": null,
  "draft": Object {
    "accounts": Object {
      "facebook": "",
      "github": "",
      "instagram": "",
      "linkedIn": "",
      "twitter": "",
      "youtube": "",
    },
    "bg": Object {
      "blur": "2",
      "color": "#4a96f7",
      "image": "wave.jpg",
    },
    "bgTemp": Object {
      "blur": "2",
      "color": "#4a96f7",
      "image": "wave.jpg",
    },
    "bio": "",
    "description": "",
    "email": "",
    "name": "",
    "photo": "",
    "updated": "010101",
    "video": "",
    "wallets": Object {
      "bitcoin": "",
      "ethereum": "",
    },
  },
  "loaded": true,
  "profile": Object {
    "foo": "bar",
  },
  "published": null,
  "publishing": false,
  "saving": false,
  "username": "foo",
}
`;

exports[`14 bg image set 1`] = `
Object {
  "alias": null,
  "draft": Object {
    "accounts": Object {
      "facebook": "",
      "github": "",
      "instagram": "",
      "linkedIn": "",
      "twitter": "",
      "youtube": "",
    },
    "bg": Object {
      "blur": "2",
      "color": "#4a96f7",
      "image": "foo.jpg",
    },
    "bgTemp": Object {
      "blur": "2",
      "color": "#4a96f7",
      "image": "wave.jpg",
    },
    "bio": "",
    "description": "",
    "email": "",
    "name": "",
    "photo": "",
    "updated": "010101",
    "video": "",
    "wallets": Object {
      "bitcoin": "",
      "ethereum": "",
    },
  },
  "loaded": true,
  "profile": Object {
    "foo": "bar",
  },
  "published": null,
  "publishing": false,
  "saving": false,
  "username": "foo",
}
`;

exports[`15 bg color set 1`] = `
Object {
  "alias": null,
  "draft": Object {
    "accounts": Object {
      "facebook": "",
      "github": "",
      "instagram": "",
      "linkedIn": "",
      "twitter": "",
      "youtube": "",
    },
    "bg": Object {
      "blur": "2",
      "color": "red",
      "image": "foo.jpg",
    },
    "bgTemp": Object {
      "blur": "2",
      "color": "#4a96f7",
      "image": "wave.jpg",
    },
    "bio": "",
    "description": "",
    "email": "",
    "name": "",
    "photo": "",
    "updated": "010101",
    "video": "",
    "wallets": Object {
      "bitcoin": "",
      "ethereum": "",
    },
  },
  "loaded": true,
  "profile": Object {
    "foo": "bar",
  },
  "published": null,
  "publishing": false,
  "saving": false,
  "username": "foo",
}
`;

exports[`16 bg blur set 1`] = `
Object {
  "alias": null,
  "draft": Object {
    "accounts": Object {
      "facebook": "",
      "github": "",
      "instagram": "",
      "linkedIn": "",
      "twitter": "",
      "youtube": "",
    },
    "bg": Object {
      "blur": 3,
      "color": "red",
      "image": "foo.jpg",
    },
    "bgTemp": Object {
      "blur": "2",
      "color": "#4a96f7",
      "image": "wave.jpg",
    },
    "bio": "",
    "description": "",
    "email": "",
    "name": "",
    "photo": "",
    "updated": "010101",
    "video": "",
    "wallets": Object {
      "bitcoin": "",
      "ethereum": "",
    },
  },
  "loaded": true,
  "profile": Object {
    "foo": "bar",
  },
  "published": null,
  "publishing": false,
  "saving": false,
  "username": "foo",
}
`;

exports[`17 save draft clicked 1`] = `
Object {
  "alias": null,
  "draft": Object {
    "accounts": Object {
      "facebook": "",
      "github": "",
      "instagram": "",
      "linkedIn": "",
      "twitter": "",
      "youtube": "",
    },
    "bg": Object {
      "blur": 3,
      "color": "red",
      "image": "foo.jpg",
    },
    "bgTemp": Object {
      "blur": "2",
      "color": "#4a96f7",
      "image": "wave.jpg",
    },
    "bio": "",
    "description": "",
    "email": "",
    "name": "",
    "photo": "",
    "updated": "010101",
    "video": "",
    "wallets": Object {
      "bitcoin": "",
      "ethereum": "",
    },
  },
  "loaded": true,
  "profile": Object {
    "foo": "bar",
  },
  "published": null,
  "publishing": false,
  "saving": true,
  "username": "foo",
}
`;

exports[`18 draft not saved due to an error 1`] = `
Object {
  "alias": null,
  "draft": Object {
    "accounts": Object {
      "facebook": "",
      "github": "",
      "instagram": "",
      "linkedIn": "",
      "twitter": "",
      "youtube": "",
    },
    "bg": Object {
      "blur": 3,
      "color": "red",
      "image": "foo.jpg",
    },
    "bgTemp": Object {
      "blur": "2",
      "color": "#4a96f7",
      "image": "wave.jpg",
    },
    "bio": "",
    "description": "",
    "email": "",
    "name": "",
    "photo": "",
    "updated": "010101",
    "video": "",
    "wallets": Object {
      "bitcoin": "",
      "ethereum": "",
    },
  },
  "loaded": true,
  "profile": Object {
    "foo": "bar",
  },
  "published": null,
  "publishing": false,
  "saving": false,
  "username": "foo",
}
`;

exports[`19 draft saved successfully 1`] = `
Object {
  "alias": null,
  "draft": Object {
    "accounts": Object {
      "facebook": "",
      "github": "",
      "instagram": "",
      "linkedIn": "",
      "twitter": "",
      "youtube": "",
    },
    "bg": Object {
      "blur": 3,
      "color": "red",
      "image": "foo.jpg",
    },
    "bio": "",
    "description": "",
    "email": "",
    "name": "",
    "photo": "",
    "updated": "f06956cea0a64796838fbb403df59d8c",
    "video": "",
    "wallets": Object {
      "bitcoin": "",
      "ethereum": "",
    },
  },
  "loaded": true,
  "profile": Object {
    "foo": "bar",
  },
  "published": null,
  "publishing": false,
  "saving": false,
  "username": "foo",
}
`;

exports[`20 publish clicked 1`] = `
Object {
  "alias": null,
  "draft": Object {
    "accounts": Object {
      "facebook": "",
      "github": "",
      "instagram": "",
      "linkedIn": "",
      "twitter": "",
      "youtube": "",
    },
    "bg": Object {
      "blur": 3,
      "color": "red",
      "image": "foo.jpg",
    },
    "bio": "",
    "description": "",
    "email": "",
    "name": "",
    "photo": "",
    "updated": "f06956cea0a64796838fbb403df59d8c",
    "video": "",
    "wallets": Object {
      "bitcoin": "",
      "ethereum": "",
    },
  },
  "loaded": true,
  "profile": Object {
    "foo": "bar",
  },
  "published": null,
  "publishing": true,
  "saving": false,
  "username": "foo",
}
`;

exports[`21 publish not saved due to an error 1`] = `
Object {
  "alias": null,
  "draft": Object {
    "accounts": Object {
      "facebook": "",
      "github": "",
      "instagram": "",
      "linkedIn": "",
      "twitter": "",
      "youtube": "",
    },
    "bg": Object {
      "blur": 3,
      "color": "red",
      "image": "foo.jpg",
    },
    "bio": "",
    "description": "",
    "email": "",
    "name": "",
    "photo": "",
    "updated": "f06956cea0a64796838fbb403df59d8c",
    "video": "",
    "wallets": Object {
      "bitcoin": "",
      "ethereum": "",
    },
  },
  "loaded": true,
  "profile": Object {
    "foo": "bar",
  },
  "published": null,
  "publishing": false,
  "saving": false,
  "username": "foo",
}
`;

exports[`22 publish saved successfully 1`] = `
Object {
  "alias": null,
  "draft": Object {
    "accounts": Object {
      "facebook": "",
      "github": "",
      "instagram": "",
      "linkedIn": "",
      "twitter": "",
      "youtube": "",
    },
    "bg": Object {
      "blur": 3,
      "color": "red",
      "image": "foo.jpg",
    },
    "bio": "",
    "description": "",
    "email": "",
    "name": "",
    "photo": "",
    "updated": "f06956cea0a64796838fbb403df59d8c",
    "video": "",
    "wallets": Object {
      "bitcoin": "",
      "ethereum": "",
    },
  },
  "loaded": true,
  "profile": Object {
    "foo": "bar",
  },
  "published": Object {
    "accounts": Object {
      "facebook": "",
      "github": "",
      "instagram": "",
      "linkedIn": "",
      "twitter": "",
      "youtube": "",
    },
    "bg": Object {
      "blur": 3,
      "color": "red",
      "image": "foo.jpg",
    },
    "bio": "",
    "description": "",
    "email": "",
    "name": "",
    "photo": "",
    "updated": "f06956cea0a64796838fbb403df59d8c",
    "video": "",
    "wallets": Object {
      "bitcoin": "",
      "ethereum": "",
    },
  },
  "publishing": false,
  "saving": false,
  "username": "foo",
}
`;

exports[`23 bio dialog opened 1`] = `
Object {
  "alias": null,
  "draft": Object {
    "accounts": Object {
      "facebook": "",
      "github": "",
      "instagram": "",
      "linkedIn": "",
      "twitter": "",
      "youtube": "",
    },
    "bg": Object {
      "blur": 3,
      "color": "red",
      "image": "foo.jpg",
    },
    "bio": "",
    "bioTemp": "",
    "description": "",
    "email": "",
    "name": "",
    "photo": "",
    "updated": "f06956cea0a64796838fbb403df59d8c",
    "video": "",
    "wallets": Object {
      "bitcoin": "",
      "ethereum": "",
    },
  },
  "loaded": true,
  "profile": Object {
    "foo": "bar",
  },
  "published": Object {
    "accounts": Object {
      "facebook": "",
      "github": "",
      "instagram": "",
      "linkedIn": "",
      "twitter": "",
      "youtube": "",
    },
    "bg": Object {
      "blur": 3,
      "color": "red",
      "image": "foo.jpg",
    },
    "bio": "",
    "description": "",
    "email": "",
    "name": "",
    "photo": "",
    "updated": "f06956cea0a64796838fbb403df59d8c",
    "video": "",
    "wallets": Object {
      "bitcoin": "",
      "ethereum": "",
    },
  },
  "publishing": false,
  "saving": false,
  "username": "foo",
}
`;

exports[`24 bio set 1`] = `
Object {
  "alias": null,
  "draft": Object {
    "accounts": Object {
      "facebook": "",
      "github": "",
      "instagram": "",
      "linkedIn": "",
      "twitter": "",
      "youtube": "",
    },
    "bg": Object {
      "blur": 3,
      "color": "red",
      "image": "foo.jpg",
    },
    "bio": "lorem ipsum dolor sit amet",
    "bioTemp": "",
    "description": "",
    "email": "",
    "name": "",
    "photo": "",
    "updated": "f06956cea0a64796838fbb403df59d8c",
    "video": "",
    "wallets": Object {
      "bitcoin": "",
      "ethereum": "",
    },
  },
  "loaded": true,
  "profile": Object {
    "foo": "bar",
  },
  "published": Object {
    "accounts": Object {
      "facebook": "",
      "github": "",
      "instagram": "",
      "linkedIn": "",
      "twitter": "",
      "youtube": "",
    },
    "bg": Object {
      "blur": 3,
      "color": "red",
      "image": "foo.jpg",
    },
    "bio": "",
    "description": "",
    "email": "",
    "name": "",
    "photo": "",
    "updated": "f06956cea0a64796838fbb403df59d8c",
    "video": "",
    "wallets": Object {
      "bitcoin": "",
      "ethereum": "",
    },
  },
  "publishing": false,
  "saving": false,
  "username": "foo",
}
`;

exports[`25 save draft clicked 1`] = `
Object {
  "alias": null,
  "draft": Object {
    "accounts": Object {
      "facebook": "",
      "github": "",
      "instagram": "",
      "linkedIn": "",
      "twitter": "",
      "youtube": "",
    },
    "bg": Object {
      "blur": 3,
      "color": "red",
      "image": "foo.jpg",
    },
    "bio": "lorem ipsum dolor sit amet",
    "bioTemp": "",
    "description": "",
    "email": "",
    "name": "",
    "photo": "",
    "updated": "f06956cea0a64796838fbb403df59d8c",
    "video": "",
    "wallets": Object {
      "bitcoin": "",
      "ethereum": "",
    },
  },
  "loaded": true,
  "profile": Object {
    "foo": "bar",
  },
  "published": Object {
    "accounts": Object {
      "facebook": "",
      "github": "",
      "instagram": "",
      "linkedIn": "",
      "twitter": "",
      "youtube": "",
    },
    "bg": Object {
      "blur": 3,
      "color": "red",
      "image": "foo.jpg",
    },
    "bio": "",
    "description": "",
    "email": "",
    "name": "",
    "photo": "",
    "updated": "f06956cea0a64796838fbb403df59d8c",
    "video": "",
    "wallets": Object {
      "bitcoin": "",
      "ethereum": "",
    },
  },
  "publishing": false,
  "saving": true,
  "username": "foo",
}
`;

exports[`26 draft saved successfully 1`] = `
Object {
  "alias": null,
  "draft": Object {
    "accounts": Object {
      "facebook": "",
      "github": "",
      "instagram": "",
      "linkedIn": "",
      "twitter": "",
      "youtube": "",
    },
    "bg": Object {
      "blur": 3,
      "color": "red",
      "image": "foo.jpg",
    },
    "bio": "lorem ipsum dolor sit amet",
    "description": "",
    "email": "",
    "name": "",
    "photo": "",
    "updated": "c5f6a0b89b749cd85e7170fa14651d3d",
    "video": "",
    "wallets": Object {
      "bitcoin": "",
      "ethereum": "",
    },
  },
  "loaded": true,
  "profile": Object {
    "foo": "bar",
  },
  "published": Object {
    "accounts": Object {
      "facebook": "",
      "github": "",
      "instagram": "",
      "linkedIn": "",
      "twitter": "",
      "youtube": "",
    },
    "bg": Object {
      "blur": 3,
      "color": "red",
      "image": "foo.jpg",
    },
    "bio": "",
    "description": "",
    "email": "",
    "name": "",
    "photo": "",
    "updated": "f06956cea0a64796838fbb403df59d8c",
    "video": "",
    "wallets": Object {
      "bitcoin": "",
      "ethereum": "",
    },
  },
  "publishing": false,
  "saving": false,
  "username": "foo",
}
`;

exports[`27 publish clicked 1`] = `
Object {
  "alias": null,
  "draft": Object {
    "accounts": Object {
      "facebook": "",
      "github": "",
      "instagram": "",
      "linkedIn": "",
      "twitter": "",
      "youtube": "",
    },
    "bg": Object {
      "blur": 3,
      "color": "red",
      "image": "foo.jpg",
    },
    "bio": "lorem ipsum dolor sit amet",
    "description": "",
    "email": "",
    "name": "",
    "photo": "",
    "updated": "c5f6a0b89b749cd85e7170fa14651d3d",
    "video": "",
    "wallets": Object {
      "bitcoin": "",
      "ethereum": "",
    },
  },
  "loaded": true,
  "profile": Object {
    "foo": "bar",
  },
  "published": Object {
    "accounts": Object {
      "facebook": "",
      "github": "",
      "instagram": "",
      "linkedIn": "",
      "twitter": "",
      "youtube": "",
    },
    "bg": Object {
      "blur": 3,
      "color": "red",
      "image": "foo.jpg",
    },
    "bio": "",
    "description": "",
    "email": "",
    "name": "",
    "photo": "",
    "updated": "f06956cea0a64796838fbb403df59d8c",
    "video": "",
    "wallets": Object {
      "bitcoin": "",
      "ethereum": "",
    },
  },
  "publishing": true,
  "saving": false,
  "username": "foo",
}
`;

exports[`28 publish saved successfully 1`] = `
Object {
  "alias": null,
  "draft": Object {
    "accounts": Object {
      "facebook": "",
      "github": "",
      "instagram": "",
      "linkedIn": "",
      "twitter": "",
      "youtube": "",
    },
    "bg": Object {
      "blur": 3,
      "color": "red",
      "image": "foo.jpg",
    },
    "bio": "lorem ipsum dolor sit amet",
    "description": "",
    "email": "",
    "name": "",
    "photo": "",
    "updated": "c5f6a0b89b749cd85e7170fa14651d3d",
    "video": "",
    "wallets": Object {
      "bitcoin": "",
      "ethereum": "",
    },
  },
  "loaded": true,
  "profile": Object {
    "foo": "bar",
  },
  "published": Object {
    "accounts": Object {
      "facebook": "",
      "github": "",
      "instagram": "",
      "linkedIn": "",
      "twitter": "",
      "youtube": "",
    },
    "bg": Object {
      "blur": 3,
      "color": "red",
      "image": "foo.jpg",
    },
    "bio": "lorem ipsum dolor sit amet",
    "description": "",
    "email": "",
    "name": "",
    "photo": "",
    "updated": "c5f6a0b89b749cd85e7170fa14651d3d",
    "video": "",
    "wallets": Object {
      "bitcoin": "",
      "ethereum": "",
    },
  },
  "publishing": false,
  "saving": false,
  "username": "foo",
}
`;

exports[`29 photo dialog opened 1`] = `
Object {
  "alias": null,
  "draft": Object {
    "accounts": Object {
      "facebook": "",
      "github": "",
      "instagram": "",
      "linkedIn": "",
      "twitter": "",
      "youtube": "",
    },
    "bg": Object {
      "blur": 3,
      "color": "red",
      "image": "foo.jpg",
    },
    "bio": "lorem ipsum dolor sit amet",
    "description": "",
    "email": "",
    "name": "",
    "photo": "",
    "photoTemp": "",
    "updated": "c5f6a0b89b749cd85e7170fa14651d3d",
    "video": "",
    "wallets": Object {
      "bitcoin": "",
      "ethereum": "",
    },
  },
  "loaded": true,
  "profile": Object {
    "foo": "bar",
  },
  "published": Object {
    "accounts": Object {
      "facebook": "",
      "github": "",
      "instagram": "",
      "linkedIn": "",
      "twitter": "",
      "youtube": "",
    },
    "bg": Object {
      "blur": 3,
      "color": "red",
      "image": "foo.jpg",
    },
    "bio": "lorem ipsum dolor sit amet",
    "description": "",
    "email": "",
    "name": "",
    "photo": "",
    "updated": "c5f6a0b89b749cd85e7170fa14651d3d",
    "video": "",
    "wallets": Object {
      "bitcoin": "",
      "ethereum": "",
    },
  },
  "publishing": false,
  "saving": false,
  "username": "foo",
}
`;

exports[`30 image set 1`] = `
Object {
  "alias": null,
  "draft": Object {
    "accounts": Object {
      "facebook": "",
      "github": "",
      "instagram": "",
      "linkedIn": "",
      "twitter": "",
      "youtube": "",
    },
    "bg": Object {
      "blur": 3,
      "color": "red",
      "image": "foo.jpg",
    },
    "bio": "lorem ipsum dolor sit amet",
    "description": "",
    "email": "",
    "name": "",
    "photo": "base64string",
    "photoTemp": "",
    "updated": "c5f6a0b89b749cd85e7170fa14651d3d",
    "video": "",
    "wallets": Object {
      "bitcoin": "",
      "ethereum": "",
    },
  },
  "loaded": true,
  "profile": Object {
    "foo": "bar",
  },
  "published": Object {
    "accounts": Object {
      "facebook": "",
      "github": "",
      "instagram": "",
      "linkedIn": "",
      "twitter": "",
      "youtube": "",
    },
    "bg": Object {
      "blur": 3,
      "color": "red",
      "image": "foo.jpg",
    },
    "bio": "lorem ipsum dolor sit amet",
    "description": "",
    "email": "",
    "name": "",
    "photo": "",
    "updated": "c5f6a0b89b749cd85e7170fa14651d3d",
    "video": "",
    "wallets": Object {
      "bitcoin": "",
      "ethereum": "",
    },
  },
  "publishing": false,
  "saving": false,
  "username": "foo",
}
`;

exports[`31 image set 1`] = `
Object {
  "alias": null,
  "draft": Object {
    "accounts": Object {
      "facebook": "",
      "github": "",
      "instagram": "",
      "linkedIn": "",
      "twitter": "",
      "youtube": "",
    },
    "bg": Object {
      "blur": 3,
      "color": "red",
      "image": "foo.jpg",
    },
    "bio": "lorem ipsum dolor sit amet",
    "description": "",
    "email": "",
    "name": "",
    "photo": "https://fooo.bar/baz.jpg",
    "photoTemp": "",
    "updated": "c5f6a0b89b749cd85e7170fa14651d3d",
    "video": "",
    "wallets": Object {
      "bitcoin": "",
      "ethereum": "",
    },
  },
  "loaded": true,
  "profile": Object {
    "foo": "bar",
  },
  "published": Object {
    "accounts": Object {
      "facebook": "",
      "github": "",
      "instagram": "",
      "linkedIn": "",
      "twitter": "",
      "youtube": "",
    },
    "bg": Object {
      "blur": 3,
      "color": "red",
      "image": "foo.jpg",
    },
    "bio": "lorem ipsum dolor sit amet",
    "description": "",
    "email": "",
    "name": "",
    "photo": "",
    "updated": "c5f6a0b89b749cd85e7170fa14651d3d",
    "video": "",
    "wallets": Object {
      "bitcoin": "",
      "ethereum": "",
    },
  },
  "publishing": false,
  "saving": false,
  "username": "foo",
}
`;

exports[`32 save draft clicked 1`] = `
Object {
  "alias": null,
  "draft": Object {
    "accounts": Object {
      "facebook": "",
      "github": "",
      "instagram": "",
      "linkedIn": "",
      "twitter": "",
      "youtube": "",
    },
    "bg": Object {
      "blur": 3,
      "color": "red",
      "image": "foo.jpg",
    },
    "bio": "lorem ipsum dolor sit amet",
    "description": "",
    "email": "",
    "name": "",
    "photo": "https://fooo.bar/baz.jpg",
    "photoTemp": "",
    "updated": "c5f6a0b89b749cd85e7170fa14651d3d",
    "video": "",
    "wallets": Object {
      "bitcoin": "",
      "ethereum": "",
    },
  },
  "loaded": true,
  "profile": Object {
    "foo": "bar",
  },
  "published": Object {
    "accounts": Object {
      "facebook": "",
      "github": "",
      "instagram": "",
      "linkedIn": "",
      "twitter": "",
      "youtube": "",
    },
    "bg": Object {
      "blur": 3,
      "color": "red",
      "image": "foo.jpg",
    },
    "bio": "lorem ipsum dolor sit amet",
    "description": "",
    "email": "",
    "name": "",
    "photo": "",
    "updated": "c5f6a0b89b749cd85e7170fa14651d3d",
    "video": "",
    "wallets": Object {
      "bitcoin": "",
      "ethereum": "",
    },
  },
  "publishing": false,
  "saving": true,
  "username": "foo",
}
`;

exports[`33 draft saved successfully 1`] = `
Object {
  "alias": null,
  "draft": Object {
    "accounts": Object {
      "facebook": "",
      "github": "",
      "instagram": "",
      "linkedIn": "",
      "twitter": "",
      "youtube": "",
    },
    "bg": Object {
      "blur": 3,
      "color": "red",
      "image": "foo.jpg",
    },
    "bio": "lorem ipsum dolor sit amet",
    "description": "",
    "email": "",
    "name": "",
    "photo": "https://fooo.bar/baz.jpg",
    "updated": "33fac55c458c46bb7177567bd911a6f5",
    "video": "",
    "wallets": Object {
      "bitcoin": "",
      "ethereum": "",
    },
  },
  "loaded": true,
  "profile": Object {
    "foo": "bar",
  },
  "published": Object {
    "accounts": Object {
      "facebook": "",
      "github": "",
      "instagram": "",
      "linkedIn": "",
      "twitter": "",
      "youtube": "",
    },
    "bg": Object {
      "blur": 3,
      "color": "red",
      "image": "foo.jpg",
    },
    "bio": "lorem ipsum dolor sit amet",
    "description": "",
    "email": "",
    "name": "",
    "photo": "",
    "updated": "c5f6a0b89b749cd85e7170fa14651d3d",
    "video": "",
    "wallets": Object {
      "bitcoin": "",
      "ethereum": "",
    },
  },
  "publishing": false,
  "saving": false,
  "username": "foo",
}
`;

exports[`34 publish clicked 1`] = `
Object {
  "alias": null,
  "draft": Object {
    "accounts": Object {
      "facebook": "",
      "github": "",
      "instagram": "",
      "linkedIn": "",
      "twitter": "",
      "youtube": "",
    },
    "bg": Object {
      "blur": 3,
      "color": "red",
      "image": "foo.jpg",
    },
    "bio": "lorem ipsum dolor sit amet",
    "description": "",
    "email": "",
    "name": "",
    "photo": "https://fooo.bar/baz.jpg",
    "updated": "33fac55c458c46bb7177567bd911a6f5",
    "video": "",
    "wallets": Object {
      "bitcoin": "",
      "ethereum": "",
    },
  },
  "loaded": true,
  "profile": Object {
    "foo": "bar",
  },
  "published": Object {
    "accounts": Object {
      "facebook": "",
      "github": "",
      "instagram": "",
      "linkedIn": "",
      "twitter": "",
      "youtube": "",
    },
    "bg": Object {
      "blur": 3,
      "color": "red",
      "image": "foo.jpg",
    },
    "bio": "lorem ipsum dolor sit amet",
    "description": "",
    "email": "",
    "name": "",
    "photo": "",
    "updated": "c5f6a0b89b749cd85e7170fa14651d3d",
    "video": "",
    "wallets": Object {
      "bitcoin": "",
      "ethereum": "",
    },
  },
  "publishing": true,
  "saving": false,
  "username": "foo",
}
`;

exports[`35 publish saved successfully 1`] = `
Object {
  "alias": null,
  "draft": Object {
    "accounts": Object {
      "facebook": "",
      "github": "",
      "instagram": "",
      "linkedIn": "",
      "twitter": "",
      "youtube": "",
    },
    "bg": Object {
      "blur": 3,
      "color": "red",
      "image": "foo.jpg",
    },
    "bio": "lorem ipsum dolor sit amet",
    "description": "",
    "email": "",
    "name": "",
    "photo": "https://fooo.bar/baz.jpg",
    "updated": "33fac55c458c46bb7177567bd911a6f5",
    "video": "",
    "wallets": Object {
      "bitcoin": "",
      "ethereum": "",
    },
  },
  "loaded": true,
  "profile": Object {
    "foo": "bar",
  },
  "published": Object {
    "accounts": Object {
      "facebook": "",
      "github": "",
      "instagram": "",
      "linkedIn": "",
      "twitter": "",
      "youtube": "",
    },
    "bg": Object {
      "blur": 3,
      "color": "red",
      "image": "foo.jpg",
    },
    "bio": "lorem ipsum dolor sit amet",
    "description": "",
    "email": "",
    "name": "",
    "photo": "https://fooo.bar/baz.jpg",
    "updated": "33fac55c458c46bb7177567bd911a6f5",
    "video": "",
    "wallets": Object {
      "bitcoin": "",
      "ethereum": "",
    },
  },
  "publishing": false,
  "saving": false,
  "username": "foo",
}
`;

exports[`36 name dialog opened 1`] = `
Object {
  "alias": null,
  "draft": Object {
    "accounts": Object {
      "facebook": "",
      "github": "",
      "instagram": "",
      "linkedIn": "",
      "twitter": "",
      "youtube": "",
    },
    "bg": Object {
      "blur": 3,
      "color": "red",
      "image": "foo.jpg",
    },
    "bio": "lorem ipsum dolor sit amet",
    "description": "",
    "email": "",
    "name": "",
    "nameTemp": "",
    "photo": "https://fooo.bar/baz.jpg",
    "updated": "33fac55c458c46bb7177567bd911a6f5",
    "video": "",
    "wallets": Object {
      "bitcoin": "",
      "ethereum": "",
    },
  },
  "loaded": true,
  "profile": Object {
    "foo": "bar",
  },
  "published": Object {
    "accounts": Object {
      "facebook": "",
      "github": "",
      "instagram": "",
      "linkedIn": "",
      "twitter": "",
      "youtube": "",
    },
    "bg": Object {
      "blur": 3,
      "color": "red",
      "image": "foo.jpg",
    },
    "bio": "lorem ipsum dolor sit amet",
    "description": "",
    "email": "",
    "name": "",
    "photo": "https://fooo.bar/baz.jpg",
    "updated": "33fac55c458c46bb7177567bd911a6f5",
    "video": "",
    "wallets": Object {
      "bitcoin": "",
      "ethereum": "",
    },
  },
  "publishing": false,
  "saving": false,
  "username": "foo",
}
`;

exports[`37 name set 1`] = `
Object {
  "alias": null,
  "draft": Object {
    "accounts": Object {
      "facebook": "",
      "github": "",
      "instagram": "",
      "linkedIn": "",
      "twitter": "",
      "youtube": "",
    },
    "bg": Object {
      "blur": 3,
      "color": "red",
      "image": "foo.jpg",
    },
    "bio": "lorem ipsum dolor sit amet",
    "description": "",
    "email": "",
    "name": "foo",
    "nameTemp": "",
    "photo": "https://fooo.bar/baz.jpg",
    "updated": "33fac55c458c46bb7177567bd911a6f5",
    "video": "",
    "wallets": Object {
      "bitcoin": "",
      "ethereum": "",
    },
  },
  "loaded": true,
  "profile": Object {
    "foo": "bar",
  },
  "published": Object {
    "accounts": Object {
      "facebook": "",
      "github": "",
      "instagram": "",
      "linkedIn": "",
      "twitter": "",
      "youtube": "",
    },
    "bg": Object {
      "blur": 3,
      "color": "red",
      "image": "foo.jpg",
    },
    "bio": "lorem ipsum dolor sit amet",
    "description": "",
    "email": "",
    "name": "",
    "photo": "https://fooo.bar/baz.jpg",
    "updated": "33fac55c458c46bb7177567bd911a6f5",
    "video": "",
    "wallets": Object {
      "bitcoin": "",
      "ethereum": "",
    },
  },
  "publishing": false,
  "saving": false,
  "username": "foo",
}
`;

exports[`38 name dialog closed 1`] = `
Object {
  "alias": null,
  "draft": Object {
    "accounts": Object {
      "facebook": "",
      "github": "",
      "instagram": "",
      "linkedIn": "",
      "twitter": "",
      "youtube": "",
    },
    "bg": Object {
      "blur": 3,
      "color": "red",
      "image": "foo.jpg",
    },
    "bio": "lorem ipsum dolor sit amet",
    "description": "",
    "email": "",
    "name": "",
    "photo": "https://fooo.bar/baz.jpg",
    "updated": "33fac55c458c46bb7177567bd911a6f5",
    "video": "",
    "wallets": Object {
      "bitcoin": "",
      "ethereum": "",
    },
  },
  "loaded": true,
  "profile": Object {
    "foo": "bar",
  },
  "published": Object {
    "accounts": Object {
      "facebook": "",
      "github": "",
      "instagram": "",
      "linkedIn": "",
      "twitter": "",
      "youtube": "",
    },
    "bg": Object {
      "blur": 3,
      "color": "red",
      "image": "foo.jpg",
    },
    "bio": "lorem ipsum dolor sit amet",
    "description": "",
    "email": "",
    "name": "",
    "photo": "https://fooo.bar/baz.jpg",
    "updated": "33fac55c458c46bb7177567bd911a6f5",
    "video": "",
    "wallets": Object {
      "bitcoin": "",
      "ethereum": "",
    },
  },
  "publishing": false,
  "saving": false,
  "username": "foo",
}
`;

exports[`39 name dialog opened 1`] = `
Object {
  "alias": null,
  "draft": Object {
    "accounts": Object {
      "facebook": "",
      "github": "",
      "instagram": "",
      "linkedIn": "",
      "twitter": "",
      "youtube": "",
    },
    "bg": Object {
      "blur": 3,
      "color": "red",
      "image": "foo.jpg",
    },
    "bio": "lorem ipsum dolor sit amet",
    "description": "",
    "email": "",
    "name": "",
    "nameTemp": "",
    "photo": "https://fooo.bar/baz.jpg",
    "updated": "33fac55c458c46bb7177567bd911a6f5",
    "video": "",
    "wallets": Object {
      "bitcoin": "",
      "ethereum": "",
    },
  },
  "loaded": true,
  "profile": Object {
    "foo": "bar",
  },
  "published": Object {
    "accounts": Object {
      "facebook": "",
      "github": "",
      "instagram": "",
      "linkedIn": "",
      "twitter": "",
      "youtube": "",
    },
    "bg": Object {
      "blur": 3,
      "color": "red",
      "image": "foo.jpg",
    },
    "bio": "lorem ipsum dolor sit amet",
    "description": "",
    "email": "",
    "name": "",
    "photo": "https://fooo.bar/baz.jpg",
    "updated": "33fac55c458c46bb7177567bd911a6f5",
    "video": "",
    "wallets": Object {
      "bitcoin": "",
      "ethereum": "",
    },
  },
  "publishing": false,
  "saving": false,
  "username": "foo",
}
`;

exports[`40 name set 1`] = `
Object {
  "alias": null,
  "draft": Object {
    "accounts": Object {
      "facebook": "",
      "github": "",
      "instagram": "",
      "linkedIn": "",
      "twitter": "",
      "youtube": "",
    },
    "bg": Object {
      "blur": 3,
      "color": "red",
      "image": "foo.jpg",
    },
    "bio": "lorem ipsum dolor sit amet",
    "description": "",
    "email": "",
    "name": "bar",
    "nameTemp": "",
    "photo": "https://fooo.bar/baz.jpg",
    "updated": "33fac55c458c46bb7177567bd911a6f5",
    "video": "",
    "wallets": Object {
      "bitcoin": "",
      "ethereum": "",
    },
  },
  "loaded": true,
  "profile": Object {
    "foo": "bar",
  },
  "published": Object {
    "accounts": Object {
      "facebook": "",
      "github": "",
      "instagram": "",
      "linkedIn": "",
      "twitter": "",
      "youtube": "",
    },
    "bg": Object {
      "blur": 3,
      "color": "red",
      "image": "foo.jpg",
    },
    "bio": "lorem ipsum dolor sit amet",
    "description": "",
    "email": "",
    "name": "",
    "photo": "https://fooo.bar/baz.jpg",
    "updated": "33fac55c458c46bb7177567bd911a6f5",
    "video": "",
    "wallets": Object {
      "bitcoin": "",
      "ethereum": "",
    },
  },
  "publishing": false,
  "saving": false,
  "username": "foo",
}
`;

exports[`41 save draft clicked 1`] = `
Object {
  "alias": null,
  "draft": Object {
    "accounts": Object {
      "facebook": "",
      "github": "",
      "instagram": "",
      "linkedIn": "",
      "twitter": "",
      "youtube": "",
    },
    "bg": Object {
      "blur": 3,
      "color": "red",
      "image": "foo.jpg",
    },
    "bio": "lorem ipsum dolor sit amet",
    "description": "",
    "email": "",
    "name": "bar",
    "nameTemp": "",
    "photo": "https://fooo.bar/baz.jpg",
    "updated": "33fac55c458c46bb7177567bd911a6f5",
    "video": "",
    "wallets": Object {
      "bitcoin": "",
      "ethereum": "",
    },
  },
  "loaded": true,
  "profile": Object {
    "foo": "bar",
  },
  "published": Object {
    "accounts": Object {
      "facebook": "",
      "github": "",
      "instagram": "",
      "linkedIn": "",
      "twitter": "",
      "youtube": "",
    },
    "bg": Object {
      "blur": 3,
      "color": "red",
      "image": "foo.jpg",
    },
    "bio": "lorem ipsum dolor sit amet",
    "description": "",
    "email": "",
    "name": "",
    "photo": "https://fooo.bar/baz.jpg",
    "updated": "33fac55c458c46bb7177567bd911a6f5",
    "video": "",
    "wallets": Object {
      "bitcoin": "",
      "ethereum": "",
    },
  },
  "publishing": false,
  "saving": true,
  "username": "foo",
}
`;

exports[`42 draft saved successfully 1`] = `
Object {
  "alias": null,
  "draft": Object {
    "accounts": Object {
      "facebook": "",
      "github": "",
      "instagram": "",
      "linkedIn": "",
      "twitter": "",
      "youtube": "",
    },
    "bg": Object {
      "blur": 3,
      "color": "red",
      "image": "foo.jpg",
    },
    "bio": "lorem ipsum dolor sit amet",
    "description": "",
    "email": "",
    "name": "bar",
    "photo": "https://fooo.bar/baz.jpg",
    "updated": "e5d17a13ff145b1016ba2510acf4b355",
    "video": "",
    "wallets": Object {
      "bitcoin": "",
      "ethereum": "",
    },
  },
  "loaded": true,
  "profile": Object {
    "foo": "bar",
  },
  "published": Object {
    "accounts": Object {
      "facebook": "",
      "github": "",
      "instagram": "",
      "linkedIn": "",
      "twitter": "",
      "youtube": "",
    },
    "bg": Object {
      "blur": 3,
      "color": "red",
      "image": "foo.jpg",
    },
    "bio": "lorem ipsum dolor sit amet",
    "description": "",
    "email": "",
    "name": "",
    "photo": "https://fooo.bar/baz.jpg",
    "updated": "33fac55c458c46bb7177567bd911a6f5",
    "video": "",
    "wallets": Object {
      "bitcoin": "",
      "ethereum": "",
    },
  },
  "publishing": false,
  "saving": false,
  "username": "foo",
}
`;

exports[`43 publish clicked 1`] = `
Object {
  "alias": null,
  "draft": Object {
    "accounts": Object {
      "facebook": "",
      "github": "",
      "instagram": "",
      "linkedIn": "",
      "twitter": "",
      "youtube": "",
    },
    "bg": Object {
      "blur": 3,
      "color": "red",
      "image": "foo.jpg",
    },
    "bio": "lorem ipsum dolor sit amet",
    "description": "",
    "email": "",
    "name": "bar",
    "photo": "https://fooo.bar/baz.jpg",
    "updated": "e5d17a13ff145b1016ba2510acf4b355",
    "video": "",
    "wallets": Object {
      "bitcoin": "",
      "ethereum": "",
    },
  },
  "loaded": true,
  "profile": Object {
    "foo": "bar",
  },
  "published": Object {
    "accounts": Object {
      "facebook": "",
      "github": "",
      "instagram": "",
      "linkedIn": "",
      "twitter": "",
      "youtube": "",
    },
    "bg": Object {
      "blur": 3,
      "color": "red",
      "image": "foo.jpg",
    },
    "bio": "lorem ipsum dolor sit amet",
    "description": "",
    "email": "",
    "name": "",
    "photo": "https://fooo.bar/baz.jpg",
    "updated": "33fac55c458c46bb7177567bd911a6f5",
    "video": "",
    "wallets": Object {
      "bitcoin": "",
      "ethereum": "",
    },
  },
  "publishing": true,
  "saving": false,
  "username": "foo",
}
`;

exports[`44 publish saved successfully 1`] = `
Object {
  "alias": null,
  "draft": Object {
    "accounts": Object {
      "facebook": "",
      "github": "",
      "instagram": "",
      "linkedIn": "",
      "twitter": "",
      "youtube": "",
    },
    "bg": Object {
      "blur": 3,
      "color": "red",
      "image": "foo.jpg",
    },
    "bio": "lorem ipsum dolor sit amet",
    "description": "",
    "email": "",
    "name": "bar",
    "photo": "https://fooo.bar/baz.jpg",
    "updated": "e5d17a13ff145b1016ba2510acf4b355",
    "video": "",
    "wallets": Object {
      "bitcoin": "",
      "ethereum": "",
    },
  },
  "loaded": true,
  "profile": Object {
    "foo": "bar",
  },
  "published": Object {
    "accounts": Object {
      "facebook": "",
      "github": "",
      "instagram": "",
      "linkedIn": "",
      "twitter": "",
      "youtube": "",
    },
    "bg": Object {
      "blur": 3,
      "color": "red",
      "image": "foo.jpg",
    },
    "bio": "lorem ipsum dolor sit amet",
    "description": "",
    "email": "",
    "name": "bar",
    "photo": "https://fooo.bar/baz.jpg",
    "updated": "e5d17a13ff145b1016ba2510acf4b355",
    "video": "",
    "wallets": Object {
      "bitcoin": "",
      "ethereum": "",
    },
  },
  "publishing": false,
  "saving": false,
  "username": "foo",
}
`;

exports[`45 description dialog opened 1`] = `
Object {
  "alias": null,
  "draft": Object {
    "accounts": Object {
      "facebook": "",
      "github": "",
      "instagram": "",
      "linkedIn": "",
      "twitter": "",
      "youtube": "",
    },
    "bg": Object {
      "blur": 3,
      "color": "red",
      "image": "foo.jpg",
    },
    "bio": "lorem ipsum dolor sit amet",
    "description": "",
    "descriptionTemp": "",
    "email": "",
    "name": "bar",
    "photo": "https://fooo.bar/baz.jpg",
    "updated": "e5d17a13ff145b1016ba2510acf4b355",
    "video": "",
    "wallets": Object {
      "bitcoin": "",
      "ethereum": "",
    },
  },
  "loaded": true,
  "profile": Object {
    "foo": "bar",
  },
  "published": Object {
    "accounts": Object {
      "facebook": "",
      "github": "",
      "instagram": "",
      "linkedIn": "",
      "twitter": "",
      "youtube": "",
    },
    "bg": Object {
      "blur": 3,
      "color": "red",
      "image": "foo.jpg",
    },
    "bio": "lorem ipsum dolor sit amet",
    "description": "",
    "email": "",
    "name": "bar",
    "photo": "https://fooo.bar/baz.jpg",
    "updated": "e5d17a13ff145b1016ba2510acf4b355",
    "video": "",
    "wallets": Object {
      "bitcoin": "",
      "ethereum": "",
    },
  },
  "publishing": false,
  "saving": false,
  "username": "foo",
}
`;

exports[`46 description set 1`] = `
Object {
  "alias": null,
  "draft": Object {
    "accounts": Object {
      "facebook": "",
      "github": "",
      "instagram": "",
      "linkedIn": "",
      "twitter": "",
      "youtube": "",
    },
    "bg": Object {
      "blur": 3,
      "color": "red",
      "image": "foo.jpg",
    },
    "bio": "lorem ipsum dolor sit amet",
    "description": "lorem ipsum dolor",
    "descriptionTemp": "",
    "email": "",
    "name": "bar",
    "photo": "https://fooo.bar/baz.jpg",
    "updated": "e5d17a13ff145b1016ba2510acf4b355",
    "video": "",
    "wallets": Object {
      "bitcoin": "",
      "ethereum": "",
    },
  },
  "loaded": true,
  "profile": Object {
    "foo": "bar",
  },
  "published": Object {
    "accounts": Object {
      "facebook": "",
      "github": "",
      "instagram": "",
      "linkedIn": "",
      "twitter": "",
      "youtube": "",
    },
    "bg": Object {
      "blur": 3,
      "color": "red",
      "image": "foo.jpg",
    },
    "bio": "lorem ipsum dolor sit amet",
    "description": "",
    "email": "",
    "name": "bar",
    "photo": "https://fooo.bar/baz.jpg",
    "updated": "e5d17a13ff145b1016ba2510acf4b355",
    "video": "",
    "wallets": Object {
      "bitcoin": "",
      "ethereum": "",
    },
  },
  "publishing": false,
  "saving": false,
  "username": "foo",
}
`;

exports[`47 description dialog closed 1`] = `
Object {
  "alias": null,
  "draft": Object {
    "accounts": Object {
      "facebook": "",
      "github": "",
      "instagram": "",
      "linkedIn": "",
      "twitter": "",
      "youtube": "",
    },
    "bg": Object {
      "blur": 3,
      "color": "red",
      "image": "foo.jpg",
    },
    "bio": "lorem ipsum dolor sit amet",
    "description": "",
    "email": "",
    "name": "bar",
    "photo": "https://fooo.bar/baz.jpg",
    "updated": "e5d17a13ff145b1016ba2510acf4b355",
    "video": "",
    "wallets": Object {
      "bitcoin": "",
      "ethereum": "",
    },
  },
  "loaded": true,
  "profile": Object {
    "foo": "bar",
  },
  "published": Object {
    "accounts": Object {
      "facebook": "",
      "github": "",
      "instagram": "",
      "linkedIn": "",
      "twitter": "",
      "youtube": "",
    },
    "bg": Object {
      "blur": 3,
      "color": "red",
      "image": "foo.jpg",
    },
    "bio": "lorem ipsum dolor sit amet",
    "description": "",
    "email": "",
    "name": "bar",
    "photo": "https://fooo.bar/baz.jpg",
    "updated": "e5d17a13ff145b1016ba2510acf4b355",
    "video": "",
    "wallets": Object {
      "bitcoin": "",
      "ethereum": "",
    },
  },
  "publishing": false,
  "saving": false,
  "username": "foo",
}
`;

exports[`48 description dialog opened 1`] = `
Object {
  "alias": null,
  "draft": Object {
    "accounts": Object {
      "facebook": "",
      "github": "",
      "instagram": "",
      "linkedIn": "",
      "twitter": "",
      "youtube": "",
    },
    "bg": Object {
      "blur": 3,
      "color": "red",
      "image": "foo.jpg",
    },
    "bio": "lorem ipsum dolor sit amet",
    "description": "",
    "descriptionTemp": "",
    "email": "",
    "name": "bar",
    "photo": "https://fooo.bar/baz.jpg",
    "updated": "e5d17a13ff145b1016ba2510acf4b355",
    "video": "",
    "wallets": Object {
      "bitcoin": "",
      "ethereum": "",
    },
  },
  "loaded": true,
  "profile": Object {
    "foo": "bar",
  },
  "published": Object {
    "accounts": Object {
      "facebook": "",
      "github": "",
      "instagram": "",
      "linkedIn": "",
      "twitter": "",
      "youtube": "",
    },
    "bg": Object {
      "blur": 3,
      "color": "red",
      "image": "foo.jpg",
    },
    "bio": "lorem ipsum dolor sit amet",
    "description": "",
    "email": "",
    "name": "bar",
    "photo": "https://fooo.bar/baz.jpg",
    "updated": "e5d17a13ff145b1016ba2510acf4b355",
    "video": "",
    "wallets": Object {
      "bitcoin": "",
      "ethereum": "",
    },
  },
  "publishing": false,
  "saving": false,
  "username": "foo",
}
`;

exports[`49 description set 1`] = `
Object {
  "alias": null,
  "draft": Object {
    "accounts": Object {
      "facebook": "",
      "github": "",
      "instagram": "",
      "linkedIn": "",
      "twitter": "",
      "youtube": "",
    },
    "bg": Object {
      "blur": 3,
      "color": "red",
      "image": "foo.jpg",
    },
    "bio": "lorem ipsum dolor sit amet",
    "description": "foo bar baz",
    "descriptionTemp": "",
    "email": "",
    "name": "bar",
    "photo": "https://fooo.bar/baz.jpg",
    "updated": "e5d17a13ff145b1016ba2510acf4b355",
    "video": "",
    "wallets": Object {
      "bitcoin": "",
      "ethereum": "",
    },
  },
  "loaded": true,
  "profile": Object {
    "foo": "bar",
  },
  "published": Object {
    "accounts": Object {
      "facebook": "",
      "github": "",
      "instagram": "",
      "linkedIn": "",
      "twitter": "",
      "youtube": "",
    },
    "bg": Object {
      "blur": 3,
      "color": "red",
      "image": "foo.jpg",
    },
    "bio": "lorem ipsum dolor sit amet",
    "description": "",
    "email": "",
    "name": "bar",
    "photo": "https://fooo.bar/baz.jpg",
    "updated": "e5d17a13ff145b1016ba2510acf4b355",
    "video": "",
    "wallets": Object {
      "bitcoin": "",
      "ethereum": "",
    },
  },
  "publishing": false,
  "saving": false,
  "username": "foo",
}
`;

exports[`50 save draft clicked 1`] = `
Object {
  "alias": null,
  "draft": Object {
    "accounts": Object {
      "facebook": "",
      "github": "",
      "instagram": "",
      "linkedIn": "",
      "twitter": "",
      "youtube": "",
    },
    "bg": Object {
      "blur": 3,
      "color": "red",
      "image": "foo.jpg",
    },
    "bio": "lorem ipsum dolor sit amet",
    "description": "foo bar baz",
    "descriptionTemp": "",
    "email": "",
    "name": "bar",
    "photo": "https://fooo.bar/baz.jpg",
    "updated": "e5d17a13ff145b1016ba2510acf4b355",
    "video": "",
    "wallets": Object {
      "bitcoin": "",
      "ethereum": "",
    },
  },
  "loaded": true,
  "profile": Object {
    "foo": "bar",
  },
  "published": Object {
    "accounts": Object {
      "facebook": "",
      "github": "",
      "instagram": "",
      "linkedIn": "",
      "twitter": "",
      "youtube": "",
    },
    "bg": Object {
      "blur": 3,
      "color": "red",
      "image": "foo.jpg",
    },
    "bio": "lorem ipsum dolor sit amet",
    "description": "",
    "email": "",
    "name": "bar",
    "photo": "https://fooo.bar/baz.jpg",
    "updated": "e5d17a13ff145b1016ba2510acf4b355",
    "video": "",
    "wallets": Object {
      "bitcoin": "",
      "ethereum": "",
    },
  },
  "publishing": false,
  "saving": true,
  "username": "foo",
}
`;

exports[`51 draft saved successfully 1`] = `
Object {
  "alias": null,
  "draft": Object {
    "accounts": Object {
      "facebook": "",
      "github": "",
      "instagram": "",
      "linkedIn": "",
      "twitter": "",
      "youtube": "",
    },
    "bg": Object {
      "blur": 3,
      "color": "red",
      "image": "foo.jpg",
    },
    "bio": "lorem ipsum dolor sit amet",
    "description": "foo bar baz",
    "email": "",
    "name": "bar",
    "photo": "https://fooo.bar/baz.jpg",
    "updated": "61b16e140a9530a7d4a38107e382869f",
    "video": "",
    "wallets": Object {
      "bitcoin": "",
      "ethereum": "",
    },
  },
  "loaded": true,
  "profile": Object {
    "foo": "bar",
  },
  "published": Object {
    "accounts": Object {
      "facebook": "",
      "github": "",
      "instagram": "",
      "linkedIn": "",
      "twitter": "",
      "youtube": "",
    },
    "bg": Object {
      "blur": 3,
      "color": "red",
      "image": "foo.jpg",
    },
    "bio": "lorem ipsum dolor sit amet",
    "description": "",
    "email": "",
    "name": "bar",
    "photo": "https://fooo.bar/baz.jpg",
    "updated": "e5d17a13ff145b1016ba2510acf4b355",
    "video": "",
    "wallets": Object {
      "bitcoin": "",
      "ethereum": "",
    },
  },
  "publishing": false,
  "saving": false,
  "username": "foo",
}
`;

exports[`52 publish clicked 1`] = `
Object {
  "alias": null,
  "draft": Object {
    "accounts": Object {
      "facebook": "",
      "github": "",
      "instagram": "",
      "linkedIn": "",
      "twitter": "",
      "youtube": "",
    },
    "bg": Object {
      "blur": 3,
      "color": "red",
      "image": "foo.jpg",
    },
    "bio": "lorem ipsum dolor sit amet",
    "description": "foo bar baz",
    "email": "",
    "name": "bar",
    "photo": "https://fooo.bar/baz.jpg",
    "updated": "61b16e140a9530a7d4a38107e382869f",
    "video": "",
    "wallets": Object {
      "bitcoin": "",
      "ethereum": "",
    },
  },
  "loaded": true,
  "profile": Object {
    "foo": "bar",
  },
  "published": Object {
    "accounts": Object {
      "facebook": "",
      "github": "",
      "instagram": "",
      "linkedIn": "",
      "twitter": "",
      "youtube": "",
    },
    "bg": Object {
      "blur": 3,
      "color": "red",
      "image": "foo.jpg",
    },
    "bio": "lorem ipsum dolor sit amet",
    "description": "",
    "email": "",
    "name": "bar",
    "photo": "https://fooo.bar/baz.jpg",
    "updated": "e5d17a13ff145b1016ba2510acf4b355",
    "video": "",
    "wallets": Object {
      "bitcoin": "",
      "ethereum": "",
    },
  },
  "publishing": true,
  "saving": false,
  "username": "foo",
}
`;

exports[`53 publish saved successfully 1`] = `
Object {
  "alias": null,
  "draft": Object {
    "accounts": Object {
      "facebook": "",
      "github": "",
      "instagram": "",
      "linkedIn": "",
      "twitter": "",
      "youtube": "",
    },
    "bg": Object {
      "blur": 3,
      "color": "red",
      "image": "foo.jpg",
    },
    "bio": "lorem ipsum dolor sit amet",
    "description": "foo bar baz",
    "email": "",
    "name": "bar",
    "photo": "https://fooo.bar/baz.jpg",
    "updated": "61b16e140a9530a7d4a38107e382869f",
    "video": "",
    "wallets": Object {
      "bitcoin": "",
      "ethereum": "",
    },
  },
  "loaded": true,
  "profile": Object {
    "foo": "bar",
  },
  "published": Object {
    "accounts": Object {
      "facebook": "",
      "github": "",
      "instagram": "",
      "linkedIn": "",
      "twitter": "",
      "youtube": "",
    },
    "bg": Object {
      "blur": 3,
      "color": "red",
      "image": "foo.jpg",
    },
    "bio": "lorem ipsum dolor sit amet",
    "description": "foo bar baz",
    "email": "",
    "name": "bar",
    "photo": "https://fooo.bar/baz.jpg",
    "updated": "61b16e140a9530a7d4a38107e382869f",
    "video": "",
    "wallets": Object {
      "bitcoin": "",
      "ethereum": "",
    },
  },
  "publishing": false,
  "saving": false,
  "username": "foo",
}
`;

exports[`54 account dialog opened 1`] = `
Object {
  "alias": null,
  "draft": Object {
    "accounts": Object {
      "facebook": "",
      "github": "",
      "instagram": "",
      "linkedIn": "",
      "twitter": "",
      "youtube": "",
    },
    "accountsTemp": Object {
      "facebook": "",
      "github": "",
      "instagram": "",
      "linkedIn": "",
      "twitter": "",
      "youtube": "",
    },
    "bg": Object {
      "blur": 3,
      "color": "red",
      "image": "foo.jpg",
    },
    "bio": "lorem ipsum dolor sit amet",
    "description": "foo bar baz",
    "email": "",
    "name": "bar",
    "photo": "https://fooo.bar/baz.jpg",
    "updated": "61b16e140a9530a7d4a38107e382869f",
    "video": "",
    "wallets": Object {
      "bitcoin": "",
      "ethereum": "",
    },
  },
  "loaded": true,
  "profile": Object {
    "foo": "bar",
  },
  "published": Object {
    "accounts": Object {
      "facebook": "",
      "github": "",
      "instagram": "",
      "linkedIn": "",
      "twitter": "",
      "youtube": "",
    },
    "bg": Object {
      "blur": 3,
      "color": "red",
      "image": "foo.jpg",
    },
    "bio": "lorem ipsum dolor sit amet",
    "description": "foo bar baz",
    "email": "",
    "name": "bar",
    "photo": "https://fooo.bar/baz.jpg",
    "updated": "61b16e140a9530a7d4a38107e382869f",
    "video": "",
    "wallets": Object {
      "bitcoin": "",
      "ethereum": "",
    },
  },
  "publishing": false,
  "saving": false,
  "username": "foo",
}
`;

exports[`55 twitter account set 1`] = `
Object {
  "alias": null,
  "draft": Object {
    "accounts": Object {
      "facebook": "",
      "github": "",
      "instagram": "",
      "linkedIn": "",
      "twitter": "foo",
      "youtube": "",
    },
    "accountsTemp": Object {
      "facebook": "",
      "github": "",
      "instagram": "",
      "linkedIn": "",
      "twitter": "",
      "youtube": "",
    },
    "bg": Object {
      "blur": 3,
      "color": "red",
      "image": "foo.jpg",
    },
    "bio": "lorem ipsum dolor sit amet",
    "description": "foo bar baz",
    "email": "",
    "name": "bar",
    "photo": "https://fooo.bar/baz.jpg",
    "updated": "61b16e140a9530a7d4a38107e382869f",
    "video": "",
    "wallets": Object {
      "bitcoin": "",
      "ethereum": "",
    },
  },
  "loaded": true,
  "profile": Object {
    "foo": "bar",
  },
  "published": Object {
    "accounts": Object {
      "facebook": "",
      "github": "",
      "instagram": "",
      "linkedIn": "",
      "twitter": "",
      "youtube": "",
    },
    "bg": Object {
      "blur": 3,
      "color": "red",
      "image": "foo.jpg",
    },
    "bio": "lorem ipsum dolor sit amet",
    "description": "foo bar baz",
    "email": "",
    "name": "bar",
    "photo": "https://fooo.bar/baz.jpg",
    "updated": "61b16e140a9530a7d4a38107e382869f",
    "video": "",
    "wallets": Object {
      "bitcoin": "",
      "ethereum": "",
    },
  },
  "publishing": false,
  "saving": false,
  "username": "foo",
}
`;

exports[`56 instagram account set 1`] = `
Object {
  "alias": null,
  "draft": Object {
    "accounts": Object {
      "facebook": "",
      "github": "",
      "instagram": "bar",
      "linkedIn": "",
      "twitter": "foo",
      "youtube": "",
    },
    "accountsTemp": Object {
      "facebook": "",
      "github": "",
      "instagram": "",
      "linkedIn": "",
      "twitter": "",
      "youtube": "",
    },
    "bg": Object {
      "blur": 3,
      "color": "red",
      "image": "foo.jpg",
    },
    "bio": "lorem ipsum dolor sit amet",
    "description": "foo bar baz",
    "email": "",
    "name": "bar",
    "photo": "https://fooo.bar/baz.jpg",
    "updated": "61b16e140a9530a7d4a38107e382869f",
    "video": "",
    "wallets": Object {
      "bitcoin": "",
      "ethereum": "",
    },
  },
  "loaded": true,
  "profile": Object {
    "foo": "bar",
  },
  "published": Object {
    "accounts": Object {
      "facebook": "",
      "github": "",
      "instagram": "",
      "linkedIn": "",
      "twitter": "",
      "youtube": "",
    },
    "bg": Object {
      "blur": 3,
      "color": "red",
      "image": "foo.jpg",
    },
    "bio": "lorem ipsum dolor sit amet",
    "description": "foo bar baz",
    "email": "",
    "name": "bar",
    "photo": "https://fooo.bar/baz.jpg",
    "updated": "61b16e140a9530a7d4a38107e382869f",
    "video": "",
    "wallets": Object {
      "bitcoin": "",
      "ethereum": "",
    },
  },
  "publishing": false,
  "saving": false,
  "username": "foo",
}
`;

exports[`57 account dialog closed 1`] = `
Object {
  "alias": null,
  "draft": Object {
    "accounts": Object {
      "facebook": "",
      "github": "",
      "instagram": "",
      "linkedIn": "",
      "twitter": "",
      "youtube": "",
    },
    "bg": Object {
      "blur": 3,
      "color": "red",
      "image": "foo.jpg",
    },
    "bio": "lorem ipsum dolor sit amet",
    "description": "foo bar baz",
    "email": "",
    "name": "bar",
    "photo": "https://fooo.bar/baz.jpg",
    "updated": "61b16e140a9530a7d4a38107e382869f",
    "video": "",
    "wallets": Object {
      "bitcoin": "",
      "ethereum": "",
    },
  },
  "loaded": true,
  "profile": Object {
    "foo": "bar",
  },
  "published": Object {
    "accounts": Object {
      "facebook": "",
      "github": "",
      "instagram": "",
      "linkedIn": "",
      "twitter": "",
      "youtube": "",
    },
    "bg": Object {
      "blur": 3,
      "color": "red",
      "image": "foo.jpg",
    },
    "bio": "lorem ipsum dolor sit amet",
    "description": "foo bar baz",
    "email": "",
    "name": "bar",
    "photo": "https://fooo.bar/baz.jpg",
    "updated": "61b16e140a9530a7d4a38107e382869f",
    "video": "",
    "wallets": Object {
      "bitcoin": "",
      "ethereum": "",
    },
  },
  "publishing": false,
  "saving": false,
  "username": "foo",
}
`;

exports[`58 account dialog opened 1`] = `
Object {
  "alias": null,
  "draft": Object {
    "accounts": Object {
      "facebook": "",
      "github": "",
      "instagram": "",
      "linkedIn": "",
      "twitter": "",
      "youtube": "",
    },
    "accountsTemp": Object {
      "facebook": "",
      "github": "",
      "instagram": "",
      "linkedIn": "",
      "twitter": "",
      "youtube": "",
    },
    "bg": Object {
      "blur": 3,
      "color": "red",
      "image": "foo.jpg",
    },
    "bio": "lorem ipsum dolor sit amet",
    "description": "foo bar baz",
    "email": "",
    "name": "bar",
    "photo": "https://fooo.bar/baz.jpg",
    "updated": "61b16e140a9530a7d4a38107e382869f",
    "video": "",
    "wallets": Object {
      "bitcoin": "",
      "ethereum": "",
    },
  },
  "loaded": true,
  "profile": Object {
    "foo": "bar",
  },
  "published": Object {
    "accounts": Object {
      "facebook": "",
      "github": "",
      "instagram": "",
      "linkedIn": "",
      "twitter": "",
      "youtube": "",
    },
    "bg": Object {
      "blur": 3,
      "color": "red",
      "image": "foo.jpg",
    },
    "bio": "lorem ipsum dolor sit amet",
    "description": "foo bar baz",
    "email": "",
    "name": "bar",
    "photo": "https://fooo.bar/baz.jpg",
    "updated": "61b16e140a9530a7d4a38107e382869f",
    "video": "",
    "wallets": Object {
      "bitcoin": "",
      "ethereum": "",
    },
  },
  "publishing": false,
  "saving": false,
  "username": "foo",
}
`;

exports[`59 instagram account set 1`] = `
Object {
  "alias": null,
  "draft": Object {
    "accounts": Object {
      "facebook": "",
      "github": "",
      "instagram": "bar",
      "linkedIn": "",
      "twitter": "",
      "youtube": "",
    },
    "accountsTemp": Object {
      "facebook": "",
      "github": "",
      "instagram": "",
      "linkedIn": "",
      "twitter": "",
      "youtube": "",
    },
    "bg": Object {
      "blur": 3,
      "color": "red",
      "image": "foo.jpg",
    },
    "bio": "lorem ipsum dolor sit amet",
    "description": "foo bar baz",
    "email": "",
    "name": "bar",
    "photo": "https://fooo.bar/baz.jpg",
    "updated": "61b16e140a9530a7d4a38107e382869f",
    "video": "",
    "wallets": Object {
      "bitcoin": "",
      "ethereum": "",
    },
  },
  "loaded": true,
  "profile": Object {
    "foo": "bar",
  },
  "published": Object {
    "accounts": Object {
      "facebook": "",
      "github": "",
      "instagram": "",
      "linkedIn": "",
      "twitter": "",
      "youtube": "",
    },
    "bg": Object {
      "blur": 3,
      "color": "red",
      "image": "foo.jpg",
    },
    "bio": "lorem ipsum dolor sit amet",
    "description": "foo bar baz",
    "email": "",
    "name": "bar",
    "photo": "https://fooo.bar/baz.jpg",
    "updated": "61b16e140a9530a7d4a38107e382869f",
    "video": "",
    "wallets": Object {
      "bitcoin": "",
      "ethereum": "",
    },
  },
  "publishing": false,
  "saving": false,
  "username": "foo",
}
`;

exports[`60 twitter account set 1`] = `
Object {
  "alias": null,
  "draft": Object {
    "accounts": Object {
      "facebook": "",
      "github": "",
      "instagram": "bar",
      "linkedIn": "",
      "twitter": "foo",
      "youtube": "",
    },
    "accountsTemp": Object {
      "facebook": "",
      "github": "",
      "instagram": "",
      "linkedIn": "",
      "twitter": "",
      "youtube": "",
    },
    "bg": Object {
      "blur": 3,
      "color": "red",
      "image": "foo.jpg",
    },
    "bio": "lorem ipsum dolor sit amet",
    "description": "foo bar baz",
    "email": "",
    "name": "bar",
    "photo": "https://fooo.bar/baz.jpg",
    "updated": "61b16e140a9530a7d4a38107e382869f",
    "video": "",
    "wallets": Object {
      "bitcoin": "",
      "ethereum": "",
    },
  },
  "loaded": true,
  "profile": Object {
    "foo": "bar",
  },
  "published": Object {
    "accounts": Object {
      "facebook": "",
      "github": "",
      "instagram": "",
      "linkedIn": "",
      "twitter": "",
      "youtube": "",
    },
    "bg": Object {
      "blur": 3,
      "color": "red",
      "image": "foo.jpg",
    },
    "bio": "lorem ipsum dolor sit amet",
    "description": "foo bar baz",
    "email": "",
    "name": "bar",
    "photo": "https://fooo.bar/baz.jpg",
    "updated": "61b16e140a9530a7d4a38107e382869f",
    "video": "",
    "wallets": Object {
      "bitcoin": "",
      "ethereum": "",
    },
  },
  "publishing": false,
  "saving": false,
  "username": "foo",
}
`;

exports[`61 save draft clicked 1`] = `
Object {
  "alias": null,
  "draft": Object {
    "accounts": Object {
      "facebook": "",
      "github": "",
      "instagram": "bar",
      "linkedIn": "",
      "twitter": "foo",
      "youtube": "",
    },
    "accountsTemp": Object {
      "facebook": "",
      "github": "",
      "instagram": "",
      "linkedIn": "",
      "twitter": "",
      "youtube": "",
    },
    "bg": Object {
      "blur": 3,
      "color": "red",
      "image": "foo.jpg",
    },
    "bio": "lorem ipsum dolor sit amet",
    "description": "foo bar baz",
    "email": "",
    "name": "bar",
    "photo": "https://fooo.bar/baz.jpg",
    "updated": "61b16e140a9530a7d4a38107e382869f",
    "video": "",
    "wallets": Object {
      "bitcoin": "",
      "ethereum": "",
    },
  },
  "loaded": true,
  "profile": Object {
    "foo": "bar",
  },
  "published": Object {
    "accounts": Object {
      "facebook": "",
      "github": "",
      "instagram": "",
      "linkedIn": "",
      "twitter": "",
      "youtube": "",
    },
    "bg": Object {
      "blur": 3,
      "color": "red",
      "image": "foo.jpg",
    },
    "bio": "lorem ipsum dolor sit amet",
    "description": "foo bar baz",
    "email": "",
    "name": "bar",
    "photo": "https://fooo.bar/baz.jpg",
    "updated": "61b16e140a9530a7d4a38107e382869f",
    "video": "",
    "wallets": Object {
      "bitcoin": "",
      "ethereum": "",
    },
  },
  "publishing": false,
  "saving": true,
  "username": "foo",
}
`;

exports[`62 draft saved successfully 1`] = `
Object {
  "alias": null,
  "draft": Object {
    "accounts": Object {
      "facebook": "",
      "github": "",
      "instagram": "bar",
      "linkedIn": "",
      "twitter": "foo",
      "youtube": "",
    },
    "bg": Object {
      "blur": 3,
      "color": "red",
      "image": "foo.jpg",
    },
    "bio": "lorem ipsum dolor sit amet",
    "description": "foo bar baz",
    "email": "",
    "name": "bar",
    "photo": "https://fooo.bar/baz.jpg",
    "updated": "2b27e7973c05b628589b96d5cb15ae96",
    "video": "",
    "wallets": Object {
      "bitcoin": "",
      "ethereum": "",
    },
  },
  "loaded": true,
  "profile": Object {
    "foo": "bar",
  },
  "published": Object {
    "accounts": Object {
      "facebook": "",
      "github": "",
      "instagram": "",
      "linkedIn": "",
      "twitter": "",
      "youtube": "",
    },
    "bg": Object {
      "blur": 3,
      "color": "red",
      "image": "foo.jpg",
    },
    "bio": "lorem ipsum dolor sit amet",
    "description": "foo bar baz",
    "email": "",
    "name": "bar",
    "photo": "https://fooo.bar/baz.jpg",
    "updated": "61b16e140a9530a7d4a38107e382869f",
    "video": "",
    "wallets": Object {
      "bitcoin": "",
      "ethereum": "",
    },
  },
  "publishing": false,
  "saving": false,
  "username": "foo",
}
`;

exports[`63 publish clicked 1`] = `
Object {
  "alias": null,
  "draft": Object {
    "accounts": Object {
      "facebook": "",
      "github": "",
      "instagram": "bar",
      "linkedIn": "",
      "twitter": "foo",
      "youtube": "",
    },
    "bg": Object {
      "blur": 3,
      "color": "red",
      "image": "foo.jpg",
    },
    "bio": "lorem ipsum dolor sit amet",
    "description": "foo bar baz",
    "email": "",
    "name": "bar",
    "photo": "https://fooo.bar/baz.jpg",
    "updated": "2b27e7973c05b628589b96d5cb15ae96",
    "video": "",
    "wallets": Object {
      "bitcoin": "",
      "ethereum": "",
    },
  },
  "loaded": true,
  "profile": Object {
    "foo": "bar",
  },
  "published": Object {
    "accounts": Object {
      "facebook": "",
      "github": "",
      "instagram": "",
      "linkedIn": "",
      "twitter": "",
      "youtube": "",
    },
    "bg": Object {
      "blur": 3,
      "color": "red",
      "image": "foo.jpg",
    },
    "bio": "lorem ipsum dolor sit amet",
    "description": "foo bar baz",
    "email": "",
    "name": "bar",
    "photo": "https://fooo.bar/baz.jpg",
    "updated": "61b16e140a9530a7d4a38107e382869f",
    "video": "",
    "wallets": Object {
      "bitcoin": "",
      "ethereum": "",
    },
  },
  "publishing": true,
  "saving": false,
  "username": "foo",
}
`;

exports[`64 publish saved successfully 1`] = `
Object {
  "alias": null,
  "draft": Object {
    "accounts": Object {
      "facebook": "",
      "github": "",
      "instagram": "bar",
      "linkedIn": "",
      "twitter": "foo",
      "youtube": "",
    },
    "bg": Object {
      "blur": 3,
      "color": "red",
      "image": "foo.jpg",
    },
    "bio": "lorem ipsum dolor sit amet",
    "description": "foo bar baz",
    "email": "",
    "name": "bar",
    "photo": "https://fooo.bar/baz.jpg",
    "updated": "2b27e7973c05b628589b96d5cb15ae96",
    "video": "",
    "wallets": Object {
      "bitcoin": "",
      "ethereum": "",
    },
  },
  "loaded": true,
  "profile": Object {
    "foo": "bar",
  },
  "published": Object {
    "accounts": Object {
      "facebook": "",
      "github": "",
      "instagram": "bar",
      "linkedIn": "",
      "twitter": "foo",
      "youtube": "",
    },
    "bg": Object {
      "blur": 3,
      "color": "red",
      "image": "foo.jpg",
    },
    "bio": "lorem ipsum dolor sit amet",
    "description": "foo bar baz",
    "email": "",
    "name": "bar",
    "photo": "https://fooo.bar/baz.jpg",
    "updated": "2b27e7973c05b628589b96d5cb15ae96",
    "video": "",
    "wallets": Object {
      "bitcoin": "",
      "ethereum": "",
    },
  },
  "publishing": false,
  "saving": false,
  "username": "foo",
}
`;

exports[`65 wallet dialog opened 1`] = `
Object {
  "alias": null,
  "draft": Object {
    "accounts": Object {
      "facebook": "",
      "github": "",
      "instagram": "bar",
      "linkedIn": "",
      "twitter": "foo",
      "youtube": "",
    },
    "bg": Object {
      "blur": 3,
      "color": "red",
      "image": "foo.jpg",
    },
    "bio": "lorem ipsum dolor sit amet",
    "description": "foo bar baz",
    "email": "",
    "name": "bar",
    "photo": "https://fooo.bar/baz.jpg",
    "updated": "2b27e7973c05b628589b96d5cb15ae96",
    "video": "",
    "wallets": Object {
      "bitcoin": "",
      "ethereum": "",
    },
    "walletsTemp": Object {
      "bitcoin": "",
      "ethereum": "",
    },
  },
  "loaded": true,
  "profile": Object {
    "foo": "bar",
  },
  "published": Object {
    "accounts": Object {
      "facebook": "",
      "github": "",
      "instagram": "bar",
      "linkedIn": "",
      "twitter": "foo",
      "youtube": "",
    },
    "bg": Object {
      "blur": 3,
      "color": "red",
      "image": "foo.jpg",
    },
    "bio": "lorem ipsum dolor sit amet",
    "description": "foo bar baz",
    "email": "",
    "name": "bar",
    "photo": "https://fooo.bar/baz.jpg",
    "updated": "2b27e7973c05b628589b96d5cb15ae96",
    "video": "",
    "wallets": Object {
      "bitcoin": "",
      "ethereum": "",
    },
  },
  "publishing": false,
  "saving": false,
  "username": "foo",
}
`;

exports[`66 bitcoin wallet set 1`] = `
Object {
  "alias": null,
  "draft": Object {
    "accounts": Object {
      "facebook": "",
      "github": "",
      "instagram": "bar",
      "linkedIn": "",
      "twitter": "foo",
      "youtube": "",
    },
    "bg": Object {
      "blur": 3,
      "color": "red",
      "image": "foo.jpg",
    },
    "bio": "lorem ipsum dolor sit amet",
    "description": "foo bar baz",
    "email": "",
    "name": "bar",
    "photo": "https://fooo.bar/baz.jpg",
    "updated": "2b27e7973c05b628589b96d5cb15ae96",
    "video": "",
    "wallets": Object {
      "bitcoin": "13213123123",
      "ethereum": "",
    },
    "walletsTemp": Object {
      "bitcoin": "",
      "ethereum": "",
    },
  },
  "loaded": true,
  "profile": Object {
    "foo": "bar",
  },
  "published": Object {
    "accounts": Object {
      "facebook": "",
      "github": "",
      "instagram": "bar",
      "linkedIn": "",
      "twitter": "foo",
      "youtube": "",
    },
    "bg": Object {
      "blur": 3,
      "color": "red",
      "image": "foo.jpg",
    },
    "bio": "lorem ipsum dolor sit amet",
    "description": "foo bar baz",
    "email": "",
    "name": "bar",
    "photo": "https://fooo.bar/baz.jpg",
    "updated": "2b27e7973c05b628589b96d5cb15ae96",
    "video": "",
    "wallets": Object {
      "bitcoin": "",
      "ethereum": "",
    },
  },
  "publishing": false,
  "saving": false,
  "username": "foo",
}
`;

exports[`67 ethereum wallet set 1`] = `
Object {
  "alias": null,
  "draft": Object {
    "accounts": Object {
      "facebook": "",
      "github": "",
      "instagram": "bar",
      "linkedIn": "",
      "twitter": "foo",
      "youtube": "",
    },
    "bg": Object {
      "blur": 3,
      "color": "red",
      "image": "foo.jpg",
    },
    "bio": "lorem ipsum dolor sit amet",
    "description": "foo bar baz",
    "email": "",
    "name": "bar",
    "photo": "https://fooo.bar/baz.jpg",
    "updated": "2b27e7973c05b628589b96d5cb15ae96",
    "video": "",
    "wallets": Object {
      "bitcoin": "13213123123",
      "ethereum": "0xqwdqw313",
    },
    "walletsTemp": Object {
      "bitcoin": "",
      "ethereum": "",
    },
  },
  "loaded": true,
  "profile": Object {
    "foo": "bar",
  },
  "published": Object {
    "accounts": Object {
      "facebook": "",
      "github": "",
      "instagram": "bar",
      "linkedIn": "",
      "twitter": "foo",
      "youtube": "",
    },
    "bg": Object {
      "blur": 3,
      "color": "red",
      "image": "foo.jpg",
    },
    "bio": "lorem ipsum dolor sit amet",
    "description": "foo bar baz",
    "email": "",
    "name": "bar",
    "photo": "https://fooo.bar/baz.jpg",
    "updated": "2b27e7973c05b628589b96d5cb15ae96",
    "video": "",
    "wallets": Object {
      "bitcoin": "",
      "ethereum": "",
    },
  },
  "publishing": false,
  "saving": false,
  "username": "foo",
}
`;

exports[`68 wallet dialog closed 1`] = `
Object {
  "alias": null,
  "draft": Object {
    "accounts": Object {
      "facebook": "",
      "github": "",
      "instagram": "bar",
      "linkedIn": "",
      "twitter": "foo",
      "youtube": "",
    },
    "bg": Object {
      "blur": 3,
      "color": "red",
      "image": "foo.jpg",
    },
    "bio": "lorem ipsum dolor sit amet",
    "description": "foo bar baz",
    "email": "",
    "name": "bar",
    "photo": "https://fooo.bar/baz.jpg",
    "updated": "2b27e7973c05b628589b96d5cb15ae96",
    "video": "",
    "wallets": Object {
      "bitcoin": "",
      "ethereum": "",
    },
  },
  "loaded": true,
  "profile": Object {
    "foo": "bar",
  },
  "published": Object {
    "accounts": Object {
      "facebook": "",
      "github": "",
      "instagram": "bar",
      "linkedIn": "",
      "twitter": "foo",
      "youtube": "",
    },
    "bg": Object {
      "blur": 3,
      "color": "red",
      "image": "foo.jpg",
    },
    "bio": "lorem ipsum dolor sit amet",
    "description": "foo bar baz",
    "email": "",
    "name": "bar",
    "photo": "https://fooo.bar/baz.jpg",
    "updated": "2b27e7973c05b628589b96d5cb15ae96",
    "video": "",
    "wallets": Object {
      "bitcoin": "",
      "ethereum": "",
    },
  },
  "publishing": false,
  "saving": false,
  "username": "foo",
}
`;

exports[`69 wallet dialog opened 1`] = `
Object {
  "alias": null,
  "draft": Object {
    "accounts": Object {
      "facebook": "",
      "github": "",
      "instagram": "bar",
      "linkedIn": "",
      "twitter": "foo",
      "youtube": "",
    },
    "bg": Object {
      "blur": 3,
      "color": "red",
      "image": "foo.jpg",
    },
    "bio": "lorem ipsum dolor sit amet",
    "description": "foo bar baz",
    "email": "",
    "name": "bar",
    "photo": "https://fooo.bar/baz.jpg",
    "updated": "2b27e7973c05b628589b96d5cb15ae96",
    "video": "",
    "wallets": Object {
      "bitcoin": "",
      "ethereum": "",
    },
    "walletsTemp": Object {
      "bitcoin": "",
      "ethereum": "",
    },
  },
  "loaded": true,
  "profile": Object {
    "foo": "bar",
  },
  "published": Object {
    "accounts": Object {
      "facebook": "",
      "github": "",
      "instagram": "bar",
      "linkedIn": "",
      "twitter": "foo",
      "youtube": "",
    },
    "bg": Object {
      "blur": 3,
      "color": "red",
      "image": "foo.jpg",
    },
    "bio": "lorem ipsum dolor sit amet",
    "description": "foo bar baz",
    "email": "",
    "name": "bar",
    "photo": "https://fooo.bar/baz.jpg",
    "updated": "2b27e7973c05b628589b96d5cb15ae96",
    "video": "",
    "wallets": Object {
      "bitcoin": "",
      "ethereum": "",
    },
  },
  "publishing": false,
  "saving": false,
  "username": "foo",
}
`;

exports[`70 bitcoin wallet set 1`] = `
Object {
  "alias": null,
  "draft": Object {
    "accounts": Object {
      "facebook": "",
      "github": "",
      "instagram": "bar",
      "linkedIn": "",
      "twitter": "foo",
      "youtube": "",
    },
    "bg": Object {
      "blur": 3,
      "color": "red",
      "image": "foo.jpg",
    },
    "bio": "lorem ipsum dolor sit amet",
    "description": "foo bar baz",
    "email": "",
    "name": "bar",
    "photo": "https://fooo.bar/baz.jpg",
    "updated": "2b27e7973c05b628589b96d5cb15ae96",
    "video": "",
    "wallets": Object {
      "bitcoin": "13213123123",
      "ethereum": "",
    },
    "walletsTemp": Object {
      "bitcoin": "",
      "ethereum": "",
    },
  },
  "loaded": true,
  "profile": Object {
    "foo": "bar",
  },
  "published": Object {
    "accounts": Object {
      "facebook": "",
      "github": "",
      "instagram": "bar",
      "linkedIn": "",
      "twitter": "foo",
      "youtube": "",
    },
    "bg": Object {
      "blur": 3,
      "color": "red",
      "image": "foo.jpg",
    },
    "bio": "lorem ipsum dolor sit amet",
    "description": "foo bar baz",
    "email": "",
    "name": "bar",
    "photo": "https://fooo.bar/baz.jpg",
    "updated": "2b27e7973c05b628589b96d5cb15ae96",
    "video": "",
    "wallets": Object {
      "bitcoin": "",
      "ethereum": "",
    },
  },
  "publishing": false,
  "saving": false,
  "username": "foo",
}
`;

exports[`71 save draft clicked 1`] = `
Object {
  "alias": null,
  "draft": Object {
    "accounts": Object {
      "facebook": "",
      "github": "",
      "instagram": "bar",
      "linkedIn": "",
      "twitter": "foo",
      "youtube": "",
    },
    "bg": Object {
      "blur": 3,
      "color": "red",
      "image": "foo.jpg",
    },
    "bio": "lorem ipsum dolor sit amet",
    "description": "foo bar baz",
    "email": "",
    "name": "bar",
    "photo": "https://fooo.bar/baz.jpg",
    "updated": "2b27e7973c05b628589b96d5cb15ae96",
    "video": "",
    "wallets": Object {
      "bitcoin": "13213123123",
      "ethereum": "",
    },
    "walletsTemp": Object {
      "bitcoin": "",
      "ethereum": "",
    },
  },
  "loaded": true,
  "profile": Object {
    "foo": "bar",
  },
  "published": Object {
    "accounts": Object {
      "facebook": "",
      "github": "",
      "instagram": "bar",
      "linkedIn": "",
      "twitter": "foo",
      "youtube": "",
    },
    "bg": Object {
      "blur": 3,
      "color": "red",
      "image": "foo.jpg",
    },
    "bio": "lorem ipsum dolor sit amet",
    "description": "foo bar baz",
    "email": "",
    "name": "bar",
    "photo": "https://fooo.bar/baz.jpg",
    "updated": "2b27e7973c05b628589b96d5cb15ae96",
    "video": "",
    "wallets": Object {
      "bitcoin": "",
      "ethereum": "",
    },
  },
  "publishing": false,
  "saving": true,
  "username": "foo",
}
`;

exports[`72 draft saved successfully 1`] = `
Object {
  "alias": null,
  "draft": Object {
    "accounts": Object {
      "facebook": "",
      "github": "",
      "instagram": "bar",
      "linkedIn": "",
      "twitter": "foo",
      "youtube": "",
    },
    "bg": Object {
      "blur": 3,
      "color": "red",
      "image": "foo.jpg",
    },
    "bio": "lorem ipsum dolor sit amet",
    "description": "foo bar baz",
    "email": "",
    "name": "bar",
    "photo": "https://fooo.bar/baz.jpg",
    "updated": "973a7869292ccc7930f184695794be3a",
    "video": "",
    "wallets": Object {
      "bitcoin": "13213123123",
      "ethereum": "",
    },
  },
  "loaded": true,
  "profile": Object {
    "foo": "bar",
  },
  "published": Object {
    "accounts": Object {
      "facebook": "",
      "github": "",
      "instagram": "bar",
      "linkedIn": "",
      "twitter": "foo",
      "youtube": "",
    },
    "bg": Object {
      "blur": 3,
      "color": "red",
      "image": "foo.jpg",
    },
    "bio": "lorem ipsum dolor sit amet",
    "description": "foo bar baz",
    "email": "",
    "name": "bar",
    "photo": "https://fooo.bar/baz.jpg",
    "updated": "2b27e7973c05b628589b96d5cb15ae96",
    "video": "",
    "wallets": Object {
      "bitcoin": "",
      "ethereum": "",
    },
  },
  "publishing": false,
  "saving": false,
  "username": "foo",
}
`;

exports[`73 publish clicked 1`] = `
Object {
  "alias": null,
  "draft": Object {
    "accounts": Object {
      "facebook": "",
      "github": "",
      "instagram": "bar",
      "linkedIn": "",
      "twitter": "foo",
      "youtube": "",
    },
    "bg": Object {
      "blur": 3,
      "color": "red",
      "image": "foo.jpg",
    },
    "bio": "lorem ipsum dolor sit amet",
    "description": "foo bar baz",
    "email": "",
    "name": "bar",
    "photo": "https://fooo.bar/baz.jpg",
    "updated": "973a7869292ccc7930f184695794be3a",
    "video": "",
    "wallets": Object {
      "bitcoin": "13213123123",
      "ethereum": "",
    },
  },
  "loaded": true,
  "profile": Object {
    "foo": "bar",
  },
  "published": Object {
    "accounts": Object {
      "facebook": "",
      "github": "",
      "instagram": "bar",
      "linkedIn": "",
      "twitter": "foo",
      "youtube": "",
    },
    "bg": Object {
      "blur": 3,
      "color": "red",
      "image": "foo.jpg",
    },
    "bio": "lorem ipsum dolor sit amet",
    "description": "foo bar baz",
    "email": "",
    "name": "bar",
    "photo": "https://fooo.bar/baz.jpg",
    "updated": "2b27e7973c05b628589b96d5cb15ae96",
    "video": "",
    "wallets": Object {
      "bitcoin": "",
      "ethereum": "",
    },
  },
  "publishing": true,
  "saving": false,
  "username": "foo",
}
`;

exports[`74 publish saved successfully 1`] = `
Object {
  "alias": null,
  "draft": Object {
    "accounts": Object {
      "facebook": "",
      "github": "",
      "instagram": "bar",
      "linkedIn": "",
      "twitter": "foo",
      "youtube": "",
    },
    "bg": Object {
      "blur": 3,
      "color": "red",
      "image": "foo.jpg",
    },
    "bio": "lorem ipsum dolor sit amet",
    "description": "foo bar baz",
    "email": "",
    "name": "bar",
    "photo": "https://fooo.bar/baz.jpg",
    "updated": "973a7869292ccc7930f184695794be3a",
    "video": "",
    "wallets": Object {
      "bitcoin": "13213123123",
      "ethereum": "",
    },
  },
  "loaded": true,
  "profile": Object {
    "foo": "bar",
  },
  "published": Object {
    "accounts": Object {
      "facebook": "",
      "github": "",
      "instagram": "bar",
      "linkedIn": "",
      "twitter": "foo",
      "youtube": "",
    },
    "bg": Object {
      "blur": 3,
      "color": "red",
      "image": "foo.jpg",
    },
    "bio": "lorem ipsum dolor sit amet",
    "description": "foo bar baz",
    "email": "",
    "name": "bar",
    "photo": "https://fooo.bar/baz.jpg",
    "updated": "973a7869292ccc7930f184695794be3a",
    "video": "",
    "wallets": Object {
      "bitcoin": "13213123123",
      "ethereum": "",
    },
  },
  "publishing": false,
  "saving": false,
  "username": "foo",
}
`;

exports[`200 logout 1`] = `null`;
