// Jest Snapshot v1, https://goo.gl/fbAQLP

exports[`1 default state 1`] = `null`;

exports[`2 login 1`] = `
Object {
  "draft": null,
  "loaded": false,
  "profile": null,
  "published": null,
  "publishing": false,
  "saving": false,
  "username": "foo",
}
`;

exports[`3 profile data loaded 1`] = `
Object {
  "draft": null,
  "loaded": false,
  "profile": Object {
    "foo": "bar",
  },
  "published": null,
  "publishing": false,
  "saving": false,
  "username": "foo",
}
`;

exports[`4 draft and public data loaded 1`] = `
Object {
  "draft": Object {
    "accounts": Object {
      "facebook": "",
      "github": "",
      "instagram": "",
      "linkedIn": "",
      "twitter": "",
    },
    "bg": Object {
      "blur": "2",
      "color": "#4a96f7",
      "image": "wave.jpg",
    },
    "bio": "",
    "description": "",
    "email": "",
    "name": "",
    "photo": "",
    "updated": "010101",
    "video": "",
    "wallets": Object {
      "bitcoin": "",
      "ethereum": "",
    },
  },
  "loaded": true,
  "profile": Object {
    "foo": "bar",
  },
  "published": null,
  "publishing": false,
  "saving": false,
  "username": "foo",
}
`;

exports[`5 style dialog opened 1`] = `
Object {
  "draft": Object {
    "accounts": Object {
      "facebook": "",
      "github": "",
      "instagram": "",
      "linkedIn": "",
      "twitter": "",
    },
    "bg": Object {
      "blur": "2",
      "color": "#4a96f7",
      "image": "wave.jpg",
    },
    "bgTemp": Object {
      "blur": "2",
      "color": "#4a96f7",
      "image": "wave.jpg",
    },
    "bio": "",
    "description": "",
    "email": "",
    "name": "",
    "photo": "",
    "updated": "010101",
    "video": "",
    "wallets": Object {
      "bitcoin": "",
      "ethereum": "",
    },
  },
  "loaded": true,
  "profile": Object {
    "foo": "bar",
  },
  "published": null,
  "publishing": false,
  "saving": false,
  "username": "foo",
}
`;

exports[`6 bg image set 1`] = `
Object {
  "draft": Object {
    "accounts": Object {
      "facebook": "",
      "github": "",
      "instagram": "",
      "linkedIn": "",
      "twitter": "",
    },
    "bg": Object {
      "blur": "2",
      "color": "#4a96f7",
      "image": "foo.jpg",
    },
    "bgTemp": Object {
      "blur": "2",
      "color": "#4a96f7",
      "image": "wave.jpg",
    },
    "bio": "",
    "description": "",
    "email": "",
    "name": "",
    "photo": "",
    "updated": "010101",
    "video": "",
    "wallets": Object {
      "bitcoin": "",
      "ethereum": "",
    },
  },
  "loaded": true,
  "profile": Object {
    "foo": "bar",
  },
  "published": null,
  "publishing": false,
  "saving": false,
  "username": "foo",
}
`;

exports[`7 bg color set 1`] = `
Object {
  "draft": Object {
    "accounts": Object {
      "facebook": "",
      "github": "",
      "instagram": "",
      "linkedIn": "",
      "twitter": "",
    },
    "bg": Object {
      "blur": "2",
      "color": "red",
      "image": "foo.jpg",
    },
    "bgTemp": Object {
      "blur": "2",
      "color": "#4a96f7",
      "image": "wave.jpg",
    },
    "bio": "",
    "description": "",
    "email": "",
    "name": "",
    "photo": "",
    "updated": "010101",
    "video": "",
    "wallets": Object {
      "bitcoin": "",
      "ethereum": "",
    },
  },
  "loaded": true,
  "profile": Object {
    "foo": "bar",
  },
  "published": null,
  "publishing": false,
  "saving": false,
  "username": "foo",
}
`;

exports[`8 bg blur set 1`] = `
Object {
  "draft": Object {
    "accounts": Object {
      "facebook": "",
      "github": "",
      "instagram": "",
      "linkedIn": "",
      "twitter": "",
    },
    "bg": Object {
      "blur": 3,
      "color": "red",
      "image": "foo.jpg",
    },
    "bgTemp": Object {
      "blur": "2",
      "color": "#4a96f7",
      "image": "wave.jpg",
    },
    "bio": "",
    "description": "",
    "email": "",
    "name": "",
    "photo": "",
    "updated": "010101",
    "video": "",
    "wallets": Object {
      "bitcoin": "",
      "ethereum": "",
    },
  },
  "loaded": true,
  "profile": Object {
    "foo": "bar",
  },
  "published": null,
  "publishing": false,
  "saving": false,
  "username": "foo",
}
`;

exports[`9 style dialog closed 1`] = `
Object {
  "draft": Object {
    "accounts": Object {
      "facebook": "",
      "github": "",
      "instagram": "",
      "linkedIn": "",
      "twitter": "",
    },
    "bg": Object {
      "blur": "2",
      "color": "#4a96f7",
      "image": "wave.jpg",
    },
    "bio": "",
    "description": "",
    "email": "",
    "name": "",
    "photo": "",
    "updated": "010101",
    "video": "",
    "wallets": Object {
      "bitcoin": "",
      "ethereum": "",
    },
  },
  "loaded": true,
  "profile": Object {
    "foo": "bar",
  },
  "published": null,
  "publishing": false,
  "saving": false,
  "username": "foo",
}
`;

exports[`10 bio dialog opened 1`] = `
Object {
  "draft": Object {
    "accounts": Object {
      "facebook": "",
      "github": "",
      "instagram": "",
      "linkedIn": "",
      "twitter": "",
    },
    "bg": Object {
      "blur": "2",
      "color": "#4a96f7",
      "image": "wave.jpg",
    },
    "bio": "",
    "bioTemp": "",
    "description": "",
    "email": "",
    "name": "",
    "photo": "",
    "updated": "010101",
    "video": "",
    "wallets": Object {
      "bitcoin": "",
      "ethereum": "",
    },
  },
  "loaded": true,
  "profile": Object {
    "foo": "bar",
  },
  "published": null,
  "publishing": false,
  "saving": false,
  "username": "foo",
}
`;

exports[`11 bio set 1`] = `
Object {
  "draft": Object {
    "accounts": Object {
      "facebook": "",
      "github": "",
      "instagram": "",
      "linkedIn": "",
      "twitter": "",
    },
    "bg": Object {
      "blur": "2",
      "color": "#4a96f7",
      "image": "wave.jpg",
    },
    "bio": "lorem ipsum dolor sit amet",
    "bioTemp": "",
    "description": "",
    "email": "",
    "name": "",
    "photo": "",
    "updated": "010101",
    "video": "",
    "wallets": Object {
      "bitcoin": "",
      "ethereum": "",
    },
  },
  "loaded": true,
  "profile": Object {
    "foo": "bar",
  },
  "published": null,
  "publishing": false,
  "saving": false,
  "username": "foo",
}
`;

exports[`12 bio dialog closed 1`] = `
Object {
  "draft": Object {
    "accounts": Object {
      "facebook": "",
      "github": "",
      "instagram": "",
      "linkedIn": "",
      "twitter": "",
    },
    "bg": Object {
      "blur": "2",
      "color": "#4a96f7",
      "image": "wave.jpg",
    },
    "bio": "",
    "description": "",
    "email": "",
    "name": "",
    "photo": "",
    "updated": "010101",
    "video": "",
    "wallets": Object {
      "bitcoin": "",
      "ethereum": "",
    },
  },
  "loaded": true,
  "profile": Object {
    "foo": "bar",
  },
  "published": null,
  "publishing": false,
  "saving": false,
  "username": "foo",
}
`;

exports[`13 style dialog opened 1`] = `
Object {
  "draft": Object {
    "accounts": Object {
      "facebook": "",
      "github": "",
      "instagram": "",
      "linkedIn": "",
      "twitter": "",
    },
    "bg": Object {
      "blur": "2",
      "color": "#4a96f7",
      "image": "wave.jpg",
    },
    "bgTemp": Object {
      "blur": "2",
      "color": "#4a96f7",
      "image": "wave.jpg",
    },
    "bio": "",
    "description": "",
    "email": "",
    "name": "",
    "photo": "",
    "updated": "010101",
    "video": "",
    "wallets": Object {
      "bitcoin": "",
      "ethereum": "",
    },
  },
  "loaded": true,
  "profile": Object {
    "foo": "bar",
  },
  "published": null,
  "publishing": false,
  "saving": false,
  "username": "foo",
}
`;

exports[`14 bg image set 1`] = `
Object {
  "draft": Object {
    "accounts": Object {
      "facebook": "",
      "github": "",
      "instagram": "",
      "linkedIn": "",
      "twitter": "",
    },
    "bg": Object {
      "blur": "2",
      "color": "#4a96f7",
      "image": "foo.jpg",
    },
    "bgTemp": Object {
      "blur": "2",
      "color": "#4a96f7",
      "image": "wave.jpg",
    },
    "bio": "",
    "description": "",
    "email": "",
    "name": "",
    "photo": "",
    "updated": "010101",
    "video": "",
    "wallets": Object {
      "bitcoin": "",
      "ethereum": "",
    },
  },
  "loaded": true,
  "profile": Object {
    "foo": "bar",
  },
  "published": null,
  "publishing": false,
  "saving": false,
  "username": "foo",
}
`;

exports[`15 bg color set 1`] = `
Object {
  "draft": Object {
    "accounts": Object {
      "facebook": "",
      "github": "",
      "instagram": "",
      "linkedIn": "",
      "twitter": "",
    },
    "bg": Object {
      "blur": "2",
      "color": "red",
      "image": "foo.jpg",
    },
    "bgTemp": Object {
      "blur": "2",
      "color": "#4a96f7",
      "image": "wave.jpg",
    },
    "bio": "",
    "description": "",
    "email": "",
    "name": "",
    "photo": "",
    "updated": "010101",
    "video": "",
    "wallets": Object {
      "bitcoin": "",
      "ethereum": "",
    },
  },
  "loaded": true,
  "profile": Object {
    "foo": "bar",
  },
  "published": null,
  "publishing": false,
  "saving": false,
  "username": "foo",
}
`;

exports[`16 bg blur set 1`] = `
Object {
  "draft": Object {
    "accounts": Object {
      "facebook": "",
      "github": "",
      "instagram": "",
      "linkedIn": "",
      "twitter": "",
    },
    "bg": Object {
      "blur": 3,
      "color": "red",
      "image": "foo.jpg",
    },
    "bgTemp": Object {
      "blur": "2",
      "color": "#4a96f7",
      "image": "wave.jpg",
    },
    "bio": "",
    "description": "",
    "email": "",
    "name": "",
    "photo": "",
    "updated": "010101",
    "video": "",
    "wallets": Object {
      "bitcoin": "",
      "ethereum": "",
    },
  },
  "loaded": true,
  "profile": Object {
    "foo": "bar",
  },
  "published": null,
  "publishing": false,
  "saving": false,
  "username": "foo",
}
`;

exports[`17 save draft clicked 1`] = `
Object {
  "draft": Object {
    "accounts": Object {
      "facebook": "",
      "github": "",
      "instagram": "",
      "linkedIn": "",
      "twitter": "",
    },
    "bg": Object {
      "blur": 3,
      "color": "red",
      "image": "foo.jpg",
    },
    "bgTemp": Object {
      "blur": "2",
      "color": "#4a96f7",
      "image": "wave.jpg",
    },
    "bio": "",
    "description": "",
    "email": "",
    "name": "",
    "photo": "",
    "updated": "010101",
    "video": "",
    "wallets": Object {
      "bitcoin": "",
      "ethereum": "",
    },
  },
  "loaded": true,
  "profile": Object {
    "foo": "bar",
  },
  "published": null,
  "publishing": false,
  "saving": true,
  "username": "foo",
}
`;

exports[`18 draft not saved due to an error 1`] = `
Object {
  "draft": Object {
    "accounts": Object {
      "facebook": "",
      "github": "",
      "instagram": "",
      "linkedIn": "",
      "twitter": "",
    },
    "bg": Object {
      "blur": 3,
      "color": "red",
      "image": "foo.jpg",
    },
    "bgTemp": Object {
      "blur": "2",
      "color": "#4a96f7",
      "image": "wave.jpg",
    },
    "bio": "",
    "description": "",
    "email": "",
    "name": "",
    "photo": "",
    "updated": "010101",
    "video": "",
    "wallets": Object {
      "bitcoin": "",
      "ethereum": "",
    },
  },
  "loaded": true,
  "profile": Object {
    "foo": "bar",
  },
  "published": null,
  "publishing": false,
  "saving": false,
  "username": "foo",
}
`;

exports[`19 draft saved successfully 1`] = `
Object {
  "draft": Object {
    "accounts": Object {
      "facebook": "",
      "github": "",
      "instagram": "",
      "linkedIn": "",
      "twitter": "",
    },
    "bg": Object {
      "blur": 3,
      "color": "red",
      "image": "foo.jpg",
    },
    "bio": "",
    "description": "",
    "email": "",
    "name": "",
    "photo": "",
    "updated": "58205ec496bfd1454a8bfa0087fe43f4",
    "video": "",
    "wallets": Object {
      "bitcoin": "",
      "ethereum": "",
    },
  },
  "loaded": true,
  "profile": Object {
    "foo": "bar",
  },
  "published": null,
  "publishing": false,
  "saving": false,
  "username": "foo",
}
`;

exports[`20 publish clicked 1`] = `
Object {
  "draft": Object {
    "accounts": Object {
      "facebook": "",
      "github": "",
      "instagram": "",
      "linkedIn": "",
      "twitter": "",
    },
    "bg": Object {
      "blur": 3,
      "color": "red",
      "image": "foo.jpg",
    },
    "bio": "",
    "description": "",
    "email": "",
    "name": "",
    "photo": "",
    "updated": "58205ec496bfd1454a8bfa0087fe43f4",
    "video": "",
    "wallets": Object {
      "bitcoin": "",
      "ethereum": "",
    },
  },
  "loaded": true,
  "profile": Object {
    "foo": "bar",
  },
  "published": null,
  "publishing": true,
  "saving": false,
  "username": "foo",
}
`;

exports[`21 publish not saved due to an error 1`] = `
Object {
  "draft": Object {
    "accounts": Object {
      "facebook": "",
      "github": "",
      "instagram": "",
      "linkedIn": "",
      "twitter": "",
    },
    "bg": Object {
      "blur": 3,
      "color": "red",
      "image": "foo.jpg",
    },
    "bio": "",
    "description": "",
    "email": "",
    "name": "",
    "photo": "",
    "updated": "58205ec496bfd1454a8bfa0087fe43f4",
    "video": "",
    "wallets": Object {
      "bitcoin": "",
      "ethereum": "",
    },
  },
  "loaded": true,
  "profile": Object {
    "foo": "bar",
  },
  "published": null,
  "publishing": false,
  "saving": false,
  "username": "foo",
}
`;

exports[`22 publish saved successfully 1`] = `
Object {
  "draft": Object {
    "accounts": Object {
      "facebook": "",
      "github": "",
      "instagram": "",
      "linkedIn": "",
      "twitter": "",
    },
    "bg": Object {
      "blur": 3,
      "color": "red",
      "image": "foo.jpg",
    },
    "bio": "",
    "description": "",
    "email": "",
    "name": "",
    "photo": "",
    "updated": "58205ec496bfd1454a8bfa0087fe43f4",
    "video": "",
    "wallets": Object {
      "bitcoin": "",
      "ethereum": "",
    },
  },
  "loaded": true,
  "profile": Object {
    "foo": "bar",
  },
  "published": Object {
    "accounts": Object {
      "facebook": "",
      "github": "",
      "instagram": "",
      "linkedIn": "",
      "twitter": "",
    },
    "bg": Object {
      "blur": 3,
      "color": "red",
      "image": "foo.jpg",
    },
    "bio": "",
    "description": "",
    "email": "",
    "name": "",
    "photo": "",
    "updated": "58205ec496bfd1454a8bfa0087fe43f4",
    "video": "",
    "wallets": Object {
      "bitcoin": "",
      "ethereum": "",
    },
  },
  "publishing": false,
  "saving": false,
  "username": "foo",
}
`;

exports[`23 bio dialog opened 1`] = `
Object {
  "draft": Object {
    "accounts": Object {
      "facebook": "",
      "github": "",
      "instagram": "",
      "linkedIn": "",
      "twitter": "",
    },
    "bg": Object {
      "blur": 3,
      "color": "red",
      "image": "foo.jpg",
    },
    "bio": "",
    "bioTemp": "",
    "description": "",
    "email": "",
    "name": "",
    "photo": "",
    "updated": "58205ec496bfd1454a8bfa0087fe43f4",
    "video": "",
    "wallets": Object {
      "bitcoin": "",
      "ethereum": "",
    },
  },
  "loaded": true,
  "profile": Object {
    "foo": "bar",
  },
  "published": Object {
    "accounts": Object {
      "facebook": "",
      "github": "",
      "instagram": "",
      "linkedIn": "",
      "twitter": "",
    },
    "bg": Object {
      "blur": 3,
      "color": "red",
      "image": "foo.jpg",
    },
    "bio": "",
    "description": "",
    "email": "",
    "name": "",
    "photo": "",
    "updated": "58205ec496bfd1454a8bfa0087fe43f4",
    "video": "",
    "wallets": Object {
      "bitcoin": "",
      "ethereum": "",
    },
  },
  "publishing": false,
  "saving": false,
  "username": "foo",
}
`;

exports[`24 bio set 1`] = `
Object {
  "draft": Object {
    "accounts": Object {
      "facebook": "",
      "github": "",
      "instagram": "",
      "linkedIn": "",
      "twitter": "",
    },
    "bg": Object {
      "blur": 3,
      "color": "red",
      "image": "foo.jpg",
    },
    "bio": "lorem ipsum dolor sit amet",
    "bioTemp": "",
    "description": "",
    "email": "",
    "name": "",
    "photo": "",
    "updated": "58205ec496bfd1454a8bfa0087fe43f4",
    "video": "",
    "wallets": Object {
      "bitcoin": "",
      "ethereum": "",
    },
  },
  "loaded": true,
  "profile": Object {
    "foo": "bar",
  },
  "published": Object {
    "accounts": Object {
      "facebook": "",
      "github": "",
      "instagram": "",
      "linkedIn": "",
      "twitter": "",
    },
    "bg": Object {
      "blur": 3,
      "color": "red",
      "image": "foo.jpg",
    },
    "bio": "",
    "description": "",
    "email": "",
    "name": "",
    "photo": "",
    "updated": "58205ec496bfd1454a8bfa0087fe43f4",
    "video": "",
    "wallets": Object {
      "bitcoin": "",
      "ethereum": "",
    },
  },
  "publishing": false,
  "saving": false,
  "username": "foo",
}
`;

exports[`25 save draft clicked 1`] = `
Object {
  "draft": Object {
    "accounts": Object {
      "facebook": "",
      "github": "",
      "instagram": "",
      "linkedIn": "",
      "twitter": "",
    },
    "bg": Object {
      "blur": 3,
      "color": "red",
      "image": "foo.jpg",
    },
    "bio": "lorem ipsum dolor sit amet",
    "bioTemp": "",
    "description": "",
    "email": "",
    "name": "",
    "photo": "",
    "updated": "58205ec496bfd1454a8bfa0087fe43f4",
    "video": "",
    "wallets": Object {
      "bitcoin": "",
      "ethereum": "",
    },
  },
  "loaded": true,
  "profile": Object {
    "foo": "bar",
  },
  "published": Object {
    "accounts": Object {
      "facebook": "",
      "github": "",
      "instagram": "",
      "linkedIn": "",
      "twitter": "",
    },
    "bg": Object {
      "blur": 3,
      "color": "red",
      "image": "foo.jpg",
    },
    "bio": "",
    "description": "",
    "email": "",
    "name": "",
    "photo": "",
    "updated": "58205ec496bfd1454a8bfa0087fe43f4",
    "video": "",
    "wallets": Object {
      "bitcoin": "",
      "ethereum": "",
    },
  },
  "publishing": false,
  "saving": true,
  "username": "foo",
}
`;

exports[`26 draft saved successfully 1`] = `
Object {
  "draft": Object {
    "accounts": Object {
      "facebook": "",
      "github": "",
      "instagram": "",
      "linkedIn": "",
      "twitter": "",
    },
    "bg": Object {
      "blur": 3,
      "color": "red",
      "image": "foo.jpg",
    },
    "bio": "lorem ipsum dolor sit amet",
    "description": "",
    "email": "",
    "name": "",
    "photo": "",
    "updated": "d1ceddb575e492f98c96e9d31af57b84",
    "video": "",
    "wallets": Object {
      "bitcoin": "",
      "ethereum": "",
    },
  },
  "loaded": true,
  "profile": Object {
    "foo": "bar",
  },
  "published": Object {
    "accounts": Object {
      "facebook": "",
      "github": "",
      "instagram": "",
      "linkedIn": "",
      "twitter": "",
    },
    "bg": Object {
      "blur": 3,
      "color": "red",
      "image": "foo.jpg",
    },
    "bio": "",
    "description": "",
    "email": "",
    "name": "",
    "photo": "",
    "updated": "58205ec496bfd1454a8bfa0087fe43f4",
    "video": "",
    "wallets": Object {
      "bitcoin": "",
      "ethereum": "",
    },
  },
  "publishing": false,
  "saving": false,
  "username": "foo",
}
`;

exports[`27 publish clicked 1`] = `
Object {
  "draft": Object {
    "accounts": Object {
      "facebook": "",
      "github": "",
      "instagram": "",
      "linkedIn": "",
      "twitter": "",
    },
    "bg": Object {
      "blur": 3,
      "color": "red",
      "image": "foo.jpg",
    },
    "bio": "lorem ipsum dolor sit amet",
    "description": "",
    "email": "",
    "name": "",
    "photo": "",
    "updated": "d1ceddb575e492f98c96e9d31af57b84",
    "video": "",
    "wallets": Object {
      "bitcoin": "",
      "ethereum": "",
    },
  },
  "loaded": true,
  "profile": Object {
    "foo": "bar",
  },
  "published": Object {
    "accounts": Object {
      "facebook": "",
      "github": "",
      "instagram": "",
      "linkedIn": "",
      "twitter": "",
    },
    "bg": Object {
      "blur": 3,
      "color": "red",
      "image": "foo.jpg",
    },
    "bio": "",
    "description": "",
    "email": "",
    "name": "",
    "photo": "",
    "updated": "58205ec496bfd1454a8bfa0087fe43f4",
    "video": "",
    "wallets": Object {
      "bitcoin": "",
      "ethereum": "",
    },
  },
  "publishing": true,
  "saving": false,
  "username": "foo",
}
`;

exports[`28 publish saved successfully 1`] = `
Object {
  "draft": Object {
    "accounts": Object {
      "facebook": "",
      "github": "",
      "instagram": "",
      "linkedIn": "",
      "twitter": "",
    },
    "bg": Object {
      "blur": 3,
      "color": "red",
      "image": "foo.jpg",
    },
    "bio": "lorem ipsum dolor sit amet",
    "description": "",
    "email": "",
    "name": "",
    "photo": "",
    "updated": "d1ceddb575e492f98c96e9d31af57b84",
    "video": "",
    "wallets": Object {
      "bitcoin": "",
      "ethereum": "",
    },
  },
  "loaded": true,
  "profile": Object {
    "foo": "bar",
  },
  "published": Object {
    "accounts": Object {
      "facebook": "",
      "github": "",
      "instagram": "",
      "linkedIn": "",
      "twitter": "",
    },
    "bg": Object {
      "blur": 3,
      "color": "red",
      "image": "foo.jpg",
    },
    "bio": "lorem ipsum dolor sit amet",
    "description": "",
    "email": "",
    "name": "",
    "photo": "",
    "updated": "d1ceddb575e492f98c96e9d31af57b84",
    "video": "",
    "wallets": Object {
      "bitcoin": "",
      "ethereum": "",
    },
  },
  "publishing": false,
  "saving": false,
  "username": "foo",
}
`;

exports[`29 photo dialog opened 1`] = `
Object {
  "draft": Object {
    "accounts": Object {
      "facebook": "",
      "github": "",
      "instagram": "",
      "linkedIn": "",
      "twitter": "",
    },
    "bg": Object {
      "blur": 3,
      "color": "red",
      "image": "foo.jpg",
    },
    "bio": "lorem ipsum dolor sit amet",
    "description": "",
    "email": "",
    "name": "",
    "photo": "",
    "photoTemp": "",
    "updated": "d1ceddb575e492f98c96e9d31af57b84",
    "video": "",
    "wallets": Object {
      "bitcoin": "",
      "ethereum": "",
    },
  },
  "loaded": true,
  "profile": Object {
    "foo": "bar",
  },
  "published": Object {
    "accounts": Object {
      "facebook": "",
      "github": "",
      "instagram": "",
      "linkedIn": "",
      "twitter": "",
    },
    "bg": Object {
      "blur": 3,
      "color": "red",
      "image": "foo.jpg",
    },
    "bio": "lorem ipsum dolor sit amet",
    "description": "",
    "email": "",
    "name": "",
    "photo": "",
    "updated": "d1ceddb575e492f98c96e9d31af57b84",
    "video": "",
    "wallets": Object {
      "bitcoin": "",
      "ethereum": "",
    },
  },
  "publishing": false,
  "saving": false,
  "username": "foo",
}
`;

exports[`30 image set 1`] = `
Object {
  "draft": Object {
    "accounts": Object {
      "facebook": "",
      "github": "",
      "instagram": "",
      "linkedIn": "",
      "twitter": "",
    },
    "bg": Object {
      "blur": 3,
      "color": "red",
      "image": "foo.jpg",
    },
    "bio": "lorem ipsum dolor sit amet",
    "description": "",
    "email": "",
    "name": "",
    "photo": "base64string",
    "photoTemp": "",
    "updated": "d1ceddb575e492f98c96e9d31af57b84",
    "video": "",
    "wallets": Object {
      "bitcoin": "",
      "ethereum": "",
    },
  },
  "loaded": true,
  "profile": Object {
    "foo": "bar",
  },
  "published": Object {
    "accounts": Object {
      "facebook": "",
      "github": "",
      "instagram": "",
      "linkedIn": "",
      "twitter": "",
    },
    "bg": Object {
      "blur": 3,
      "color": "red",
      "image": "foo.jpg",
    },
    "bio": "lorem ipsum dolor sit amet",
    "description": "",
    "email": "",
    "name": "",
    "photo": "",
    "updated": "d1ceddb575e492f98c96e9d31af57b84",
    "video": "",
    "wallets": Object {
      "bitcoin": "",
      "ethereum": "",
    },
  },
  "publishing": false,
  "saving": false,
  "username": "foo",
}
`;

exports[`31 image set 1`] = `
Object {
  "draft": Object {
    "accounts": Object {
      "facebook": "",
      "github": "",
      "instagram": "",
      "linkedIn": "",
      "twitter": "",
    },
    "bg": Object {
      "blur": 3,
      "color": "red",
      "image": "foo.jpg",
    },
    "bio": "lorem ipsum dolor sit amet",
    "description": "",
    "email": "",
    "name": "",
    "photo": "https://fooo.bar/baz.jpg",
    "photoTemp": "",
    "updated": "d1ceddb575e492f98c96e9d31af57b84",
    "video": "",
    "wallets": Object {
      "bitcoin": "",
      "ethereum": "",
    },
  },
  "loaded": true,
  "profile": Object {
    "foo": "bar",
  },
  "published": Object {
    "accounts": Object {
      "facebook": "",
      "github": "",
      "instagram": "",
      "linkedIn": "",
      "twitter": "",
    },
    "bg": Object {
      "blur": 3,
      "color": "red",
      "image": "foo.jpg",
    },
    "bio": "lorem ipsum dolor sit amet",
    "description": "",
    "email": "",
    "name": "",
    "photo": "",
    "updated": "d1ceddb575e492f98c96e9d31af57b84",
    "video": "",
    "wallets": Object {
      "bitcoin": "",
      "ethereum": "",
    },
  },
  "publishing": false,
  "saving": false,
  "username": "foo",
}
`;

exports[`32 save draft clicked 1`] = `
Object {
  "draft": Object {
    "accounts": Object {
      "facebook": "",
      "github": "",
      "instagram": "",
      "linkedIn": "",
      "twitter": "",
    },
    "bg": Object {
      "blur": 3,
      "color": "red",
      "image": "foo.jpg",
    },
    "bio": "lorem ipsum dolor sit amet",
    "description": "",
    "email": "",
    "name": "",
    "photo": "https://fooo.bar/baz.jpg",
    "photoTemp": "",
    "updated": "d1ceddb575e492f98c96e9d31af57b84",
    "video": "",
    "wallets": Object {
      "bitcoin": "",
      "ethereum": "",
    },
  },
  "loaded": true,
  "profile": Object {
    "foo": "bar",
  },
  "published": Object {
    "accounts": Object {
      "facebook": "",
      "github": "",
      "instagram": "",
      "linkedIn": "",
      "twitter": "",
    },
    "bg": Object {
      "blur": 3,
      "color": "red",
      "image": "foo.jpg",
    },
    "bio": "lorem ipsum dolor sit amet",
    "description": "",
    "email": "",
    "name": "",
    "photo": "",
    "updated": "d1ceddb575e492f98c96e9d31af57b84",
    "video": "",
    "wallets": Object {
      "bitcoin": "",
      "ethereum": "",
    },
  },
  "publishing": false,
  "saving": true,
  "username": "foo",
}
`;

exports[`33 draft saved successfully 1`] = `
Object {
  "draft": Object {
    "accounts": Object {
      "facebook": "",
      "github": "",
      "instagram": "",
      "linkedIn": "",
      "twitter": "",
    },
    "bg": Object {
      "blur": 3,
      "color": "red",
      "image": "foo.jpg",
    },
    "bio": "lorem ipsum dolor sit amet",
    "description": "",
    "email": "",
    "name": "",
    "photo": "https://fooo.bar/baz.jpg",
    "updated": "20f28550bb079237660876812fa15e09",
    "video": "",
    "wallets": Object {
      "bitcoin": "",
      "ethereum": "",
    },
  },
  "loaded": true,
  "profile": Object {
    "foo": "bar",
  },
  "published": Object {
    "accounts": Object {
      "facebook": "",
      "github": "",
      "instagram": "",
      "linkedIn": "",
      "twitter": "",
    },
    "bg": Object {
      "blur": 3,
      "color": "red",
      "image": "foo.jpg",
    },
    "bio": "lorem ipsum dolor sit amet",
    "description": "",
    "email": "",
    "name": "",
    "photo": "",
    "updated": "d1ceddb575e492f98c96e9d31af57b84",
    "video": "",
    "wallets": Object {
      "bitcoin": "",
      "ethereum": "",
    },
  },
  "publishing": false,
  "saving": false,
  "username": "foo",
}
`;

exports[`34 publish clicked 1`] = `
Object {
  "draft": Object {
    "accounts": Object {
      "facebook": "",
      "github": "",
      "instagram": "",
      "linkedIn": "",
      "twitter": "",
    },
    "bg": Object {
      "blur": 3,
      "color": "red",
      "image": "foo.jpg",
    },
    "bio": "lorem ipsum dolor sit amet",
    "description": "",
    "email": "",
    "name": "",
    "photo": "https://fooo.bar/baz.jpg",
    "updated": "20f28550bb079237660876812fa15e09",
    "video": "",
    "wallets": Object {
      "bitcoin": "",
      "ethereum": "",
    },
  },
  "loaded": true,
  "profile": Object {
    "foo": "bar",
  },
  "published": Object {
    "accounts": Object {
      "facebook": "",
      "github": "",
      "instagram": "",
      "linkedIn": "",
      "twitter": "",
    },
    "bg": Object {
      "blur": 3,
      "color": "red",
      "image": "foo.jpg",
    },
    "bio": "lorem ipsum dolor sit amet",
    "description": "",
    "email": "",
    "name": "",
    "photo": "",
    "updated": "d1ceddb575e492f98c96e9d31af57b84",
    "video": "",
    "wallets": Object {
      "bitcoin": "",
      "ethereum": "",
    },
  },
  "publishing": true,
  "saving": false,
  "username": "foo",
}
`;

exports[`35 publish saved successfully 1`] = `
Object {
  "draft": Object {
    "accounts": Object {
      "facebook": "",
      "github": "",
      "instagram": "",
      "linkedIn": "",
      "twitter": "",
    },
    "bg": Object {
      "blur": 3,
      "color": "red",
      "image": "foo.jpg",
    },
    "bio": "lorem ipsum dolor sit amet",
    "description": "",
    "email": "",
    "name": "",
    "photo": "https://fooo.bar/baz.jpg",
    "updated": "20f28550bb079237660876812fa15e09",
    "video": "",
    "wallets": Object {
      "bitcoin": "",
      "ethereum": "",
    },
  },
  "loaded": true,
  "profile": Object {
    "foo": "bar",
  },
  "published": Object {
    "accounts": Object {
      "facebook": "",
      "github": "",
      "instagram": "",
      "linkedIn": "",
      "twitter": "",
    },
    "bg": Object {
      "blur": 3,
      "color": "red",
      "image": "foo.jpg",
    },
    "bio": "lorem ipsum dolor sit amet",
    "description": "",
    "email": "",
    "name": "",
    "photo": "https://fooo.bar/baz.jpg",
    "updated": "20f28550bb079237660876812fa15e09",
    "video": "",
    "wallets": Object {
      "bitcoin": "",
      "ethereum": "",
    },
  },
  "publishing": false,
  "saving": false,
  "username": "foo",
}
`;

exports[`36 name dialog opened 1`] = `
Object {
  "draft": Object {
    "accounts": Object {
      "facebook": "",
      "github": "",
      "instagram": "",
      "linkedIn": "",
      "twitter": "",
    },
    "bg": Object {
      "blur": 3,
      "color": "red",
      "image": "foo.jpg",
    },
    "bio": "lorem ipsum dolor sit amet",
    "description": "",
    "email": "",
    "name": "",
    "nameTemp": "",
    "photo": "https://fooo.bar/baz.jpg",
    "updated": "20f28550bb079237660876812fa15e09",
    "video": "",
    "wallets": Object {
      "bitcoin": "",
      "ethereum": "",
    },
  },
  "loaded": true,
  "profile": Object {
    "foo": "bar",
  },
  "published": Object {
    "accounts": Object {
      "facebook": "",
      "github": "",
      "instagram": "",
      "linkedIn": "",
      "twitter": "",
    },
    "bg": Object {
      "blur": 3,
      "color": "red",
      "image": "foo.jpg",
    },
    "bio": "lorem ipsum dolor sit amet",
    "description": "",
    "email": "",
    "name": "",
    "photo": "https://fooo.bar/baz.jpg",
    "updated": "20f28550bb079237660876812fa15e09",
    "video": "",
    "wallets": Object {
      "bitcoin": "",
      "ethereum": "",
    },
  },
  "publishing": false,
  "saving": false,
  "username": "foo",
}
`;

exports[`37 name set 1`] = `
Object {
  "draft": Object {
    "accounts": Object {
      "facebook": "",
      "github": "",
      "instagram": "",
      "linkedIn": "",
      "twitter": "",
    },
    "bg": Object {
      "blur": 3,
      "color": "red",
      "image": "foo.jpg",
    },
    "bio": "lorem ipsum dolor sit amet",
    "description": "",
    "email": "",
    "name": "foo",
    "nameTemp": "",
    "photo": "https://fooo.bar/baz.jpg",
    "updated": "20f28550bb079237660876812fa15e09",
    "video": "",
    "wallets": Object {
      "bitcoin": "",
      "ethereum": "",
    },
  },
  "loaded": true,
  "profile": Object {
    "foo": "bar",
  },
  "published": Object {
    "accounts": Object {
      "facebook": "",
      "github": "",
      "instagram": "",
      "linkedIn": "",
      "twitter": "",
    },
    "bg": Object {
      "blur": 3,
      "color": "red",
      "image": "foo.jpg",
    },
    "bio": "lorem ipsum dolor sit amet",
    "description": "",
    "email": "",
    "name": "",
    "photo": "https://fooo.bar/baz.jpg",
    "updated": "20f28550bb079237660876812fa15e09",
    "video": "",
    "wallets": Object {
      "bitcoin": "",
      "ethereum": "",
    },
  },
  "publishing": false,
  "saving": false,
  "username": "foo",
}
`;

exports[`38 name dialog closed 1`] = `
Object {
  "draft": Object {
    "accounts": Object {
      "facebook": "",
      "github": "",
      "instagram": "",
      "linkedIn": "",
      "twitter": "",
    },
    "bg": Object {
      "blur": 3,
      "color": "red",
      "image": "foo.jpg",
    },
    "bio": "lorem ipsum dolor sit amet",
    "description": "",
    "email": "",
    "name": "",
    "photo": "https://fooo.bar/baz.jpg",
    "updated": "20f28550bb079237660876812fa15e09",
    "video": "",
    "wallets": Object {
      "bitcoin": "",
      "ethereum": "",
    },
  },
  "loaded": true,
  "profile": Object {
    "foo": "bar",
  },
  "published": Object {
    "accounts": Object {
      "facebook": "",
      "github": "",
      "instagram": "",
      "linkedIn": "",
      "twitter": "",
    },
    "bg": Object {
      "blur": 3,
      "color": "red",
      "image": "foo.jpg",
    },
    "bio": "lorem ipsum dolor sit amet",
    "description": "",
    "email": "",
    "name": "",
    "photo": "https://fooo.bar/baz.jpg",
    "updated": "20f28550bb079237660876812fa15e09",
    "video": "",
    "wallets": Object {
      "bitcoin": "",
      "ethereum": "",
    },
  },
  "publishing": false,
  "saving": false,
  "username": "foo",
}
`;

exports[`39 name dialog opened 1`] = `
Object {
  "draft": Object {
    "accounts": Object {
      "facebook": "",
      "github": "",
      "instagram": "",
      "linkedIn": "",
      "twitter": "",
    },
    "bg": Object {
      "blur": 3,
      "color": "red",
      "image": "foo.jpg",
    },
    "bio": "lorem ipsum dolor sit amet",
    "description": "",
    "email": "",
    "name": "",
    "nameTemp": "",
    "photo": "https://fooo.bar/baz.jpg",
    "updated": "20f28550bb079237660876812fa15e09",
    "video": "",
    "wallets": Object {
      "bitcoin": "",
      "ethereum": "",
    },
  },
  "loaded": true,
  "profile": Object {
    "foo": "bar",
  },
  "published": Object {
    "accounts": Object {
      "facebook": "",
      "github": "",
      "instagram": "",
      "linkedIn": "",
      "twitter": "",
    },
    "bg": Object {
      "blur": 3,
      "color": "red",
      "image": "foo.jpg",
    },
    "bio": "lorem ipsum dolor sit amet",
    "description": "",
    "email": "",
    "name": "",
    "photo": "https://fooo.bar/baz.jpg",
    "updated": "20f28550bb079237660876812fa15e09",
    "video": "",
    "wallets": Object {
      "bitcoin": "",
      "ethereum": "",
    },
  },
  "publishing": false,
  "saving": false,
  "username": "foo",
}
`;

exports[`40 name set 1`] = `
Object {
  "draft": Object {
    "accounts": Object {
      "facebook": "",
      "github": "",
      "instagram": "",
      "linkedIn": "",
      "twitter": "",
    },
    "bg": Object {
      "blur": 3,
      "color": "red",
      "image": "foo.jpg",
    },
    "bio": "lorem ipsum dolor sit amet",
    "description": "",
    "email": "",
    "name": "bar",
    "nameTemp": "",
    "photo": "https://fooo.bar/baz.jpg",
    "updated": "20f28550bb079237660876812fa15e09",
    "video": "",
    "wallets": Object {
      "bitcoin": "",
      "ethereum": "",
    },
  },
  "loaded": true,
  "profile": Object {
    "foo": "bar",
  },
  "published": Object {
    "accounts": Object {
      "facebook": "",
      "github": "",
      "instagram": "",
      "linkedIn": "",
      "twitter": "",
    },
    "bg": Object {
      "blur": 3,
      "color": "red",
      "image": "foo.jpg",
    },
    "bio": "lorem ipsum dolor sit amet",
    "description": "",
    "email": "",
    "name": "",
    "photo": "https://fooo.bar/baz.jpg",
    "updated": "20f28550bb079237660876812fa15e09",
    "video": "",
    "wallets": Object {
      "bitcoin": "",
      "ethereum": "",
    },
  },
  "publishing": false,
  "saving": false,
  "username": "foo",
}
`;

exports[`41 save draft clicked 1`] = `
Object {
  "draft": Object {
    "accounts": Object {
      "facebook": "",
      "github": "",
      "instagram": "",
      "linkedIn": "",
      "twitter": "",
    },
    "bg": Object {
      "blur": 3,
      "color": "red",
      "image": "foo.jpg",
    },
    "bio": "lorem ipsum dolor sit amet",
    "description": "",
    "email": "",
    "name": "bar",
    "nameTemp": "",
    "photo": "https://fooo.bar/baz.jpg",
    "updated": "20f28550bb079237660876812fa15e09",
    "video": "",
    "wallets": Object {
      "bitcoin": "",
      "ethereum": "",
    },
  },
  "loaded": true,
  "profile": Object {
    "foo": "bar",
  },
  "published": Object {
    "accounts": Object {
      "facebook": "",
      "github": "",
      "instagram": "",
      "linkedIn": "",
      "twitter": "",
    },
    "bg": Object {
      "blur": 3,
      "color": "red",
      "image": "foo.jpg",
    },
    "bio": "lorem ipsum dolor sit amet",
    "description": "",
    "email": "",
    "name": "",
    "photo": "https://fooo.bar/baz.jpg",
    "updated": "20f28550bb079237660876812fa15e09",
    "video": "",
    "wallets": Object {
      "bitcoin": "",
      "ethereum": "",
    },
  },
  "publishing": false,
  "saving": true,
  "username": "foo",
}
`;

exports[`42 draft saved successfully 1`] = `
Object {
  "draft": Object {
    "accounts": Object {
      "facebook": "",
      "github": "",
      "instagram": "",
      "linkedIn": "",
      "twitter": "",
    },
    "bg": Object {
      "blur": 3,
      "color": "red",
      "image": "foo.jpg",
    },
    "bio": "lorem ipsum dolor sit amet",
    "description": "",
    "email": "",
    "name": "bar",
    "photo": "https://fooo.bar/baz.jpg",
    "updated": "112222b75f112a005882d0989b1f6d7d",
    "video": "",
    "wallets": Object {
      "bitcoin": "",
      "ethereum": "",
    },
  },
  "loaded": true,
  "profile": Object {
    "foo": "bar",
  },
  "published": Object {
    "accounts": Object {
      "facebook": "",
      "github": "",
      "instagram": "",
      "linkedIn": "",
      "twitter": "",
    },
    "bg": Object {
      "blur": 3,
      "color": "red",
      "image": "foo.jpg",
    },
    "bio": "lorem ipsum dolor sit amet",
    "description": "",
    "email": "",
    "name": "",
    "photo": "https://fooo.bar/baz.jpg",
    "updated": "20f28550bb079237660876812fa15e09",
    "video": "",
    "wallets": Object {
      "bitcoin": "",
      "ethereum": "",
    },
  },
  "publishing": false,
  "saving": false,
  "username": "foo",
}
`;

exports[`43 publish clicked 1`] = `
Object {
  "draft": Object {
    "accounts": Object {
      "facebook": "",
      "github": "",
      "instagram": "",
      "linkedIn": "",
      "twitter": "",
    },
    "bg": Object {
      "blur": 3,
      "color": "red",
      "image": "foo.jpg",
    },
    "bio": "lorem ipsum dolor sit amet",
    "description": "",
    "email": "",
    "name": "bar",
    "photo": "https://fooo.bar/baz.jpg",
    "updated": "112222b75f112a005882d0989b1f6d7d",
    "video": "",
    "wallets": Object {
      "bitcoin": "",
      "ethereum": "",
    },
  },
  "loaded": true,
  "profile": Object {
    "foo": "bar",
  },
  "published": Object {
    "accounts": Object {
      "facebook": "",
      "github": "",
      "instagram": "",
      "linkedIn": "",
      "twitter": "",
    },
    "bg": Object {
      "blur": 3,
      "color": "red",
      "image": "foo.jpg",
    },
    "bio": "lorem ipsum dolor sit amet",
    "description": "",
    "email": "",
    "name": "",
    "photo": "https://fooo.bar/baz.jpg",
    "updated": "20f28550bb079237660876812fa15e09",
    "video": "",
    "wallets": Object {
      "bitcoin": "",
      "ethereum": "",
    },
  },
  "publishing": true,
  "saving": false,
  "username": "foo",
}
`;

exports[`44 publish saved successfully 1`] = `
Object {
  "draft": Object {
    "accounts": Object {
      "facebook": "",
      "github": "",
      "instagram": "",
      "linkedIn": "",
      "twitter": "",
    },
    "bg": Object {
      "blur": 3,
      "color": "red",
      "image": "foo.jpg",
    },
    "bio": "lorem ipsum dolor sit amet",
    "description": "",
    "email": "",
    "name": "bar",
    "photo": "https://fooo.bar/baz.jpg",
    "updated": "112222b75f112a005882d0989b1f6d7d",
    "video": "",
    "wallets": Object {
      "bitcoin": "",
      "ethereum": "",
    },
  },
  "loaded": true,
  "profile": Object {
    "foo": "bar",
  },
  "published": Object {
    "accounts": Object {
      "facebook": "",
      "github": "",
      "instagram": "",
      "linkedIn": "",
      "twitter": "",
    },
    "bg": Object {
      "blur": 3,
      "color": "red",
      "image": "foo.jpg",
    },
    "bio": "lorem ipsum dolor sit amet",
    "description": "",
    "email": "",
    "name": "bar",
    "photo": "https://fooo.bar/baz.jpg",
    "updated": "112222b75f112a005882d0989b1f6d7d",
    "video": "",
    "wallets": Object {
      "bitcoin": "",
      "ethereum": "",
    },
  },
  "publishing": false,
  "saving": false,
  "username": "foo",
}
`;

exports[`200 logout 1`] = `null`;
